Component: ARM Compiler 5.05 update 1 (build 106) Tool: armlink [4d0efa]

==============================================================================

Section Cross References

    system_stm32f10x.o(i.SetSysClock) refers to system_stm32f10x.o(i.SetSysClockTo72) for SetSysClockTo72
    system_stm32f10x.o(i.SystemCoreClockUpdate) refers to system_stm32f10x.o(.data) for SystemCoreClock
    system_stm32f10x.o(i.SystemInit) refers to system_stm32f10x.o(i.SetSysClock) for SetSysClock
    startup_stm32f10x_md.o(RESET) refers to startup_stm32f10x_md.o(STACK) for __initial_sp
    startup_stm32f10x_md.o(RESET) refers to startup_stm32f10x_md.o(.text) for Reset_Handler
    startup_stm32f10x_md.o(RESET) refers to stm32f10x_it.o(i.NMI_Handler) for NMI_Handler
    startup_stm32f10x_md.o(RESET) refers to stm32f10x_it.o(i.HardFault_Handler) for HardFault_Handler
    startup_stm32f10x_md.o(RESET) refers to stm32f10x_it.o(i.MemManage_Handler) for MemManage_Handler
    startup_stm32f10x_md.o(RESET) refers to stm32f10x_it.o(i.BusFault_Handler) for BusFault_Handler
    startup_stm32f10x_md.o(RESET) refers to stm32f10x_it.o(i.UsageFault_Handler) for UsageFault_Handler
    startup_stm32f10x_md.o(RESET) refers to stm32f10x_it.o(i.SVC_Handler) for SVC_Handler
    startup_stm32f10x_md.o(RESET) refers to stm32f10x_it.o(i.DebugMon_Handler) for DebugMon_Handler
    startup_stm32f10x_md.o(RESET) refers to stm32f10x_it.o(i.PendSV_Handler) for PendSV_Handler
    startup_stm32f10x_md.o(RESET) refers to stm32f10x_it.o(i.SysTick_Handler) for SysTick_Handler
    startup_stm32f10x_md.o(RESET) refers to usart.o(i.DMA1_Channel4_IRQHandler) for DMA1_Channel4_IRQHandler
    startup_stm32f10x_md.o(RESET) refers to stm32f10x_it.o(i.USB_LP_CAN1_RX0_IRQHandler) for USB_LP_CAN1_RX0_IRQHandler
    startup_stm32f10x_md.o(RESET) refers to scheduler.o(i.TIM1_UP_IRQHandler) for TIM1_UP_IRQHandler
    startup_stm32f10x_md.o(RESET) refers to ano_dt.o(i.USART1_IRQHandler) for USART1_IRQHandler
    startup_stm32f10x_md.o(.text) refers to system_stm32f10x.o(i.SystemInit) for SystemInit
    startup_stm32f10x_md.o(.text) refers to entry.o(.ARM.Collect$$$$00000000) for __main
    stm32f10x_it.o(i.SysTick_Handler) refers to init.o(.data) for SysTick_count
    stm32f10x_it.o(i.USB_LP_CAN1_RX0_IRQHandler) refers to usb_istr.o(i.USB_Istr) for USB_Istr
    main.o(i.main) refers to delay.o(i.cycleCounterInit) for cycleCounterInit
    main.o(i.main) refers to misc.o(i.NVIC_PriorityGroupConfig) for NVIC_PriorityGroupConfig
    main.o(i.main) refers to init.o(i.ALL_Init) for ALL_Init
    main.o(i.main) refers to ano_dt.o(i.ANTO_polling) for ANTO_polling
    main.o(i.main) refers to led.o(i.PilotLED) for PilotLED
    main.o(i.main) refers to system_stm32f10x.o(.data) for SystemCoreClock
    delay.o(i.GetSysTime_us) refers to init.o(.data) for SysTick_count
    delay.o(i.GetSysTime_us) refers to delay.o(.data) for usTicks
    delay.o(i.cycleCounterInit) refers to stm32f10x_rcc.o(i.RCC_GetClocksFreq) for RCC_GetClocksFreq
    delay.o(i.cycleCounterInit) refers to delay.o(.data) for usTicks
    delay.o(i.delay_ms) refers to delay.o(i.GetSysTime_us) for GetSysTime_us
    scheduler.o(i.TIM1_UP_IRQHandler) refers to stm32f10x_tim.o(i.TIM_GetITStatus) for TIM_GetITStatus
    scheduler.o(i.TIM1_UP_IRQHandler) refers to mpu6050.o(i.MpuGetData) for MpuGetData
    scheduler.o(i.TIM1_UP_IRQHandler) refers to imu.o(i.GetAngle) for GetAngle
    scheduler.o(i.TIM1_UP_IRQHandler) refers to remote.o(i.RC_Analy) for RC_Analy
    scheduler.o(i.TIM1_UP_IRQHandler) refers to control.o(i.FlightPidControl) for FlightPidControl
    scheduler.o(i.TIM1_UP_IRQHandler) refers to control.o(i.MotorControl) for MotorControl
    scheduler.o(i.TIM1_UP_IRQHandler) refers to stm32f10x_tim.o(i.TIM_ClearITPendingBit) for TIM_ClearITPendingBit
    scheduler.o(i.TIM1_UP_IRQHandler) refers to init.o(.bss) for Angle
    init.o(i.ALL_Init) refers to usb_hid.o(i.USB_HID_Init) for USB_HID_Init
    init.o(i.ALL_Init) refers to iic_software.o(i.IIC_Init) for IIC_Init
    init.o(i.ALL_Init) refers to init.o(i.pid_param_Init) for pid_param_Init
    init.o(i.ALL_Init) refers to delay.o(i.delay_ms) for delay_ms
    init.o(i.ALL_Init) refers to mpu6050.o(i.MpuInit) for MpuInit
    init.o(i.ALL_Init) refers to nrf24l01.o(i.NRF24L01_init) for NRF24L01_init
    init.o(i.ALL_Init) refers to tim.o(i.TIM2_PWM_Config) for TIM2_PWM_Config
    init.o(i.ALL_Init) refers to tim.o(i.TIM3_PWM_Config) for TIM3_PWM_Config
    init.o(i.ALL_Init) refers to tim.o(i.TIM1_Config) for TIM1_Config
    init.o(i.pid_param_Init) refers to init.o(.bss) for pidRateX
    stm32f10x_adc.o(i.ADC_DeInit) refers to stm32f10x_rcc.o(i.RCC_APB2PeriphResetCmd) for RCC_APB2PeriphResetCmd
    stm32f10x_bkp.o(i.BKP_DeInit) refers to stm32f10x_rcc.o(i.RCC_BackupResetCmd) for RCC_BackupResetCmd
[...]
    i.CustomHID_Get_Interface_Setting        0x08001540   Section        0  usb_prop.o(i.CustomHID_Get_Interface_Setting)
    i.CustomHID_NoData_Setup                 0x08001558   Section        0  usb_prop.o(i.CustomHID_NoData_Setup)
    i.CustomHID_Reset                        0x0800157c   Section        0  usb_prop.o(i.CustomHID_Reset)
    i.CustomHID_SetConfiguration             0x0800163c   Section        0  usb_prop.o(i.CustomHID_SetConfiguration)
    i.CustomHID_SetDeviceAddress             0x08001654   Section        0  usb_prop.o(i.CustomHID_SetDeviceAddress)
    i.CustomHID_SetProtocol                  0x08001660   Section        0  usb_prop.o(i.CustomHID_SetProtocol)
    i.CustomHID_Status_In                    0x08001678   Section        0  usb_prop.o(i.CustomHID_Status_In)
    i.CustomHID_Status_Out                   0x0800167a   Section        0  usb_prop.o(i.CustomHID_Status_Out)
    i.CustomHID_init                         0x0800167c   Section        0  usb_prop.o(i.CustomHID_init)
    i.DMA1_Channel4_IRQHandler               0x080016c0   Section        0  usart.o(i.DMA1_Channel4_IRQHandler)
    i.DMA_ClearFlag                          0x080016e4   Section        0  stm32f10x_dma.o(i.DMA_ClearFlag)
    i.DMA_Cmd                                0x08001700   Section        0  stm32f10x_dma.o(i.DMA_Cmd)
    i.DMA_GetITStatus                        0x08001718   Section        0  stm32f10x_dma.o(i.DMA_GetITStatus)
    i.DataStageIn                            0x08001744   Section        0  usb_core.o(i.DataStageIn)
    DataStageIn                              0x08001745   Thumb Code   166  usb_core.o(i.DataStageIn)
    i.DataStageOut                           0x08001804   Section        0  usb_core.o(i.DataStageOut)
    DataStageOut                             0x08001805   Thumb Code   166  usb_core.o(i.DataStageOut)
    i.Data_Setup0                            0x080018c0   Section        0  usb_core.o(i.Data_Setup0)
    Data_Setup0                              0x080018c1   Thumb Code   628  usb_core.o(i.Data_Setup0)
    i.DebugMon_Handler                       0x08001b58   Section        0  stm32f10x_it.o(i.DebugMon_Handler)
    i.EP1_OUT_Callback                       0x08001b5c   Section        0  usb_endp.o(i.EP1_OUT_Callback)
    i.EP2_IN_Callback                        0x08001b80   Section        0  usb_endp.o(i.EP2_IN_Callback)
    i.Enter_LowPowerMode                     0x08001b98   Section        0  usb_config.o(i.Enter_LowPowerMode)
    i.FLASH_read                             0x08001ba4   Section        0  flash.o(i.FLASH_read)
    i.FlightPidControl                       0x08001bd4   Section        0  control.o(i.FlightPidControl)
    i.GPIO_Init                              0x08001d64   Section        0  stm32f10x_gpio.o(i.GPIO_Init)
    i.GPIO_ResetBits                         0x08001e7a   Section        0  stm32f10x_gpio.o(i.GPIO_ResetBits)
    i.GPIO_SetBits                           0x08001e7e   Section        0  stm32f10x_gpio.o(i.GPIO_SetBits)
    i.GetAngle                               0x08001e84   Section        0  imu.o(i.GetAngle)
    i.GetEPRxAddr                            0x080025cc   Section        0  usb_regs.o(i.GetEPRxAddr)
    i.GetEPTxAddr                            0x080025ec   Section        0  usb_regs.o(i.GetEPTxAddr)
    i.GetSysTime_us                          0x0800260c   Section        0  delay.o(i.GetSysTime_us)
    i.Get_SerialNum                          0x08002650   Section        0  usb_config.o(i.Get_SerialNum)
    i.HardFault_Handler                      0x08002698   Section        0  stm32f10x_it.o(i.HardFault_Handler)
    i.I2c_Ack                                0x0800269c   Section        0  iic_software.o(i.I2c_Ack)
    I2c_Ack                                  0x0800269d   Thumb Code    58  iic_software.o(i.I2c_Ack)
    i.I2c_NoAck                              0x080026dc   Section        0  iic_software.o(i.I2c_NoAck)
    I2c_NoAck                                0x080026dd   Thumb Code    60  iic_software.o(i.I2c_NoAck)
    i.I2c_ReadByte                           0x0800271c   Section        0  iic_software.o(i.I2c_ReadByte)
    I2c_ReadByte                             0x0800271d   Thumb Code    90  iic_software.o(i.I2c_ReadByte)
    i.I2c_SendByte                           0x0800277c   Section        0  iic_software.o(i.I2c_SendByte)
    I2c_SendByte                             0x0800277d   Thumb Code    86  iic_software.o(i.I2c_SendByte)
    i.I2c_Start                              0x080027d8   Section        0  iic_software.o(i.I2c_Start)
    I2c_Start                                0x080027d9   Thumb Code    84  iic_software.o(i.I2c_Start)
    i.I2c_Stop                               0x08002830   Section        0  iic_software.o(i.I2c_Stop)
    I2c_Stop                                 0x08002831   Thumb Code    52  iic_software.o(i.I2c_Stop)
    i.I2c_WaitAck                            0x08002868   Section        0  iic_software.o(i.I2c_WaitAck)
    I2c_WaitAck                              0x08002869   Thumb Code    76  iic_software.o(i.I2c_WaitAck)
    i.I2c_delay                              0x080028b8   Section        0  iic_software.o(i.I2c_delay)
    i.IIC_Init                               0x080028d4   Section        0  iic_software.o(i.IIC_Init)
    i.IIC_Read_One_Byte                      0x08002900   Section        0  iic_software.o(i.IIC_Read_One_Byte)
    i.IIC_Write_One_Byte                     0x08002964   Section        0  iic_software.o(i.IIC_Write_One_Byte)
    i.IIC_read_Bytes                         0x080029a8   Section        0  iic_software.o(i.IIC_read_Bytes)
    i.In0_Process                            0x08002a28   Section        0  usb_core.o(i.In0_Process)
    i.Leave_LowPowerMode                     0x08002a98   Section        0  usb_config.o(i.Leave_LowPowerMode)
    i.MemManage_Handler                      0x08002ab8   Section        0  stm32f10x_it.o(i.MemManage_Handler)
    i.MotorControl                           0x08002abc   Section        0  control.o(i.MotorControl)
    i.MpuGetData                             0x08002e10   Section        0  mpu6050.o(i.MpuGetData)
    i.MpuInit                                0x08002f04   Section        0  mpu6050.o(i.MpuInit)
    i.NMI_Handler                            0x08002f88   Section        0  stm32f10x_it.o(i.NMI_Handler)
    i.NOP_Process                            0x08002f8a   Section        0  usb_core.o(i.NOP_Process)
    i.NRF24L01_Check                         0x08002f8c   Section        0  nrf24l01.o(i.NRF24L01_Check)
    i.NRF24L01_Configuration                 0x08002fd8   Section        0  nrf24l01.o(i.NRF24L01_Configuration)
    i.NRF24L01_Read_Buf                      0x08003044   Section        0  nrf24l01.o(i.NRF24L01_Read_Buf)
    i.NRF24L01_Read_Reg                      0x08003088   Section        0  nrf24l01.o(i.NRF24L01_Read_Reg)
    i.NRF24L01_RxPacket                      0x080030b4   Section        0  nrf24l01.o(i.NRF24L01_RxPacket)
    i.NRF24L01_Write_Buf                     0x080030e8   Section        0  nrf24l01.o(i.NRF24L01_Write_Buf)
    i.NRF24L01_Write_Reg                     0x0800312c   Section        0  nrf24l01.o(i.NRF24L01_Write_Reg)
    i.NRF24L01_init                          0x0800315c   Section        0  nrf24l01.o(i.NRF24L01_init)
    i.NVIC_Init                              0x08003174   Section        0  misc.o(i.NVIC_Init)
    i.NVIC_PriorityGroupConfig               0x080031e4   Section        0  misc.o(i.NVIC_PriorityGroupConfig)
    i.NoData_Setup0                          0x080031f8   Section        0  usb_core.o(i.NoData_Setup0)
    NoData_Setup0                            0x080031f9   Thumb Code   302  usb_core.o(i.NoData_Setup0)
    i.Out0_Process                           0x0800333c   Section        0  usb_core.o(i.Out0_Process)
    i.PMAToUserBufferCopy                    0x0800338c   Section        0  usb_mem.o(i.PMAToUserBufferCopy)
    i.PendSV_Handler                         0x080033b4   Section        0  stm32f10x_it.o(i.PendSV_Handler)
    i.PilotLED                               0x080033b8   Section        0  led.o(i.PilotLED)
    i.Post0_Process                          0x08003470   Section        0  usb_core.o(i.Post0_Process)
    i.PowerOn                                0x080034b8   Section        0  usb_pwr.o(i.PowerOn)
    i.Q_rsqrt                                0x080034f8   Section        0  mymath.o(i.Q_rsqrt)
    i.RCC_APB1PeriphClockCmd                 0x08003548   Section        0  stm32f10x_rcc.o(i.RCC_APB1PeriphClockCmd)
    i.RCC_APB2PeriphClockCmd                 0x08003568   Section        0  stm32f10x_rcc.o(i.RCC_APB2PeriphClockCmd)
    i.RCC_GetClocksFreq                      0x08003588   Section        0  stm32f10x_rcc.o(i.RCC_GetClocksFreq)
    i.RCC_USBCLKConfig                       0x0800365c   Section        0  stm32f10x_rcc.o(i.RCC_USBCLKConfig)
    i.RC_Analy                               0x08003668   Section        0  remote.o(i.RC_Analy)
    i.RX_Mode                                0x08003928   Section        0  nrf24l01.o(i.RX_Mode)
    i.Resume                                 0x08003980   Section        0  usb_pwr.o(i.Resume)
    i.Resume_Init                            0x08003a30   Section        0  usb_pwr.o(i.Resume_Init)
    i.SPI_Config                             0x08003a54   Section        0  spi.o(i.SPI_Config)
    i.SPI_RW                                 0x08003ac0   Section        0  spi.o(i.SPI_RW)
    i.SVC_Handler                            0x08003b24   Section        0  stm32f10x_it.o(i.SVC_Handler)
    i.SetBTABLE                              0x08003b28   Section        0  usb_regs.o(i.SetBTABLE)
    i.SetDeviceAddress                       0x08003b38   Section        0  usb_core.o(i.SetDeviceAddress)
    i.SetEPRxAddr                            0x08003b84   Section        0  usb_regs.o(i.SetEPRxAddr)
    i.SetEPRxCount                           0x08003ba8   Section        0  usb_regs.o(i.SetEPRxCount)
    i.SetEPRxStatus                          0x08003bf4   Section        0  usb_regs.o(i.SetEPRxStatus)
    i.SetEPRxValid                           0x08003c2c   Section        0  usb_regs.o(i.SetEPRxValid)
    i.SetEPTxAddr                            0x08003c58   Section        0  usb_regs.o(i.SetEPTxAddr)
    i.SetEPTxCount                           0x08003c78   Section        0  usb_regs.o(i.SetEPTxCount)
    i.SetEPTxStatus                          0x08003c94   Section        0  usb_regs.o(i.SetEPTxStatus)
    i.SetEPTxValid                           0x08003ccc   Section        0  usb_regs.o(i.SetEPTxValid)
    i.SetEPType                              0x08003cf8   Section        0  usb_regs.o(i.SetEPType)
    i.SetSysClock                            0x08003d1c   Section        0  system_stm32f10x.o(i.SetSysClock)
    SetSysClock                              0x08003d1d   Thumb Code     8  system_stm32f10x.o(i.SetSysClock)
    i.SetSysClockTo72                        0x08003d24   Section        0  system_stm32f10x.o(i.SetSysClockTo72)
    SetSysClockTo72                          0x08003d25   Thumb Code   214  system_stm32f10x.o(i.SetSysClockTo72)
    i.Set_USBClock                           0x08003e04   Section        0  usb_config.o(i.Set_USBClock)
    i.Setup0_Process                         0x08003e18   Section        0  usb_core.o(i.Setup0_Process)
    i.Standard_ClearFeature                  0x08003ec8   Section        0  usb_core.o(i.Standard_ClearFeature)
    i.Standard_GetConfiguration              0x08004024   Section        0  usb_core.o(i.Standard_GetConfiguration)
    i.Standard_GetDescriptorData             0x08004050   Section        0  usb_core.o(i.Standard_GetDescriptorData)
    i.Standard_GetInterface                  0x08004074   Section        0  usb_core.o(i.Standard_GetInterface)
    i.Standard_GetStatus                     0x080040a0   Section        0  usb_core.o(i.Standard_GetStatus)
    i.Standard_SetConfiguration              0x08004190   Section        0  usb_core.o(i.Standard_SetConfiguration)
    i.Standard_SetDeviceFeature              0x080041d8   Section        0  usb_core.o(i.Standard_SetDeviceFeature)
    i.Standard_SetEndPointFeature            0x08004200   Section        0  usb_core.o(i.Standard_SetEndPointFeature)
    i.Standard_SetInterface                  0x080042c0   Section        0  usb_core.o(i.Standard_SetInterface)
    i.Suspend                                0x0800432c   Section        0  usb_pwr.o(i.Suspend)
    i.SysTick_Handler                        0x08004354   Section        0  stm32f10x_it.o(i.SysTick_Handler)
    i.SystemInit                             0x08004364   Section        0  system_stm32f10x.o(i.SystemInit)
    i.TIM1_Config                            0x080043c4   Section        0  tim.o(i.TIM1_Config)
    i.TIM1_UP_IRQHandler                     0x08004428   Section        0  scheduler.o(i.TIM1_UP_IRQHandler)
    i.TIM2_PWM_Config                        0x0800446c   Section        0  tim.o(i.TIM2_PWM_Config)
    i.TIM3_PWM_Config                        0x08004534   Section        0  tim.o(i.TIM3_PWM_Config)
    i.TIM_ARRPreloadConfig                   0x08004614   Section        0  stm32f10x_tim.o(i.TIM_ARRPreloadConfig)
    i.TIM_ClearITPendingBit                  0x0800462c   Section        0  stm32f10x_tim.o(i.TIM_ClearITPendingBit)
    i.TIM_Cmd                                0x08004632   Section        0  stm32f10x_tim.o(i.TIM_Cmd)
    i.TIM_GetITStatus                        0x0800464a   Section        0  stm32f10x_tim.o(i.TIM_GetITStatus)
    i.TIM_ITConfig                           0x0800466c   Section        0  stm32f10x_tim.o(i.TIM_ITConfig)
    i.TIM_OC1Init                            0x08004680   Section        0  stm32f10x_tim.o(i.TIM_OC1Init)
    i.TIM_OC1PreloadConfig                   0x08004718   Section        0  stm32f10x_tim.o(i.TIM_OC1PreloadConfig)
    i.TIM_OC2Init                            0x0800472c   Section        0  stm32f10x_tim.o(i.TIM_OC2Init)
    i.TIM_OC2PreloadConfig                   0x080047d0   Section        0  stm32f10x_tim.o(i.TIM_OC2PreloadConfig)
    i.TIM_OC3Init                            0x080047ec   Section        0  stm32f10x_tim.o(i.TIM_OC3Init)
    i.TIM_OC3PreloadConfig                   0x0800488c   Section        0  stm32f10x_tim.o(i.TIM_OC3PreloadConfig)
    i.TIM_OC4Init                            0x080048a0   Section        0  stm32f10x_tim.o(i.TIM_OC4Init)
    i.TIM_OC4PreloadConfig                   0x0800491c   Section        0  stm32f10x_tim.o(i.TIM_OC4PreloadConfig)
    i.TIM_TimeBaseInit                       0x08004938   Section        0  stm32f10x_tim.o(i.TIM_TimeBaseInit)
    i.USART1_IRQHandler                      0x080049dc   Section        0  ano_dt.o(i.USART1_IRQHandler)
    i.USART1_SendByte                        0x08004ae0   Section        0  usart.o(i.USART1_SendByte)
    i.USART_SendData                         0x08004b10   Section        0  stm32f10x_usart.o(i.USART_SendData)
    i.USB_Cable_Config                       0x08004b18   Section        0  usb_config.o(i.USB_Cable_Config)
    i.USB_Connect                            0x08004b1c   Section        0  usb_config.o(i.USB_Connect)
    i.USB_HID_Init                           0x08004b74   Section        0  usb_hid.o(i.USB_HID_Init)
    i.USB_Init                               0x08004ba0   Section        0  usb_init.o(i.USB_Init)
    i.USB_Interrupts_Config                  0x08004bdc   Section        0  usb_config.o(i.USB_Interrupts_Config)
    i.USB_Istr                               0x08004c00   Section        0  usb_istr.o(i.USB_Istr)
    i.USB_LP_CAN1_RX0_IRQHandler             0x08004cf8   Section        0  stm32f10x_it.o(i.USB_LP_CAN1_RX0_IRQHandler)
    i.UsageFault_Handler                     0x08004d00   Section        0  stm32f10x_it.o(i.UsageFault_Handler)
    i.Usb_Hid_Adddata                        0x08004d04   Section        0  usb_hid.o(i.Usb_Hid_Adddata)
    i.Usb_Hid_Send                           0x08004d30   Section        0  usb_hid.o(i.Usb_Hid_Send)
    i.UserToPMABufferCopy                    0x08004f00   Section        0  usb_mem.o(i.UserToPMABufferCopy)
    i.__ARM_fpclassify                       0x08004f38   Section        0  fpclassify.o(i.__ARM_fpclassify)
    i.__kernel_poly                          0x08004f60   Section        0  poly.o(i.__kernel_poly)
    i.__mathlib_dbl_infnan                   0x0800500a   Section        0  dunder.o(i.__mathlib_dbl_infnan)
    i.__mathlib_dbl_infnan2                  0x08005010   Section        0  dunder.o(i.__mathlib_dbl_infnan2)
    i.__mathlib_dbl_invalid                  0x08005014   Section        0  dunder.o(i.__mathlib_dbl_invalid)
    i.__mathlib_dbl_underflow                0x08005020   Section        0  dunder.o(i.__mathlib_dbl_underflow)
    i.__scatterload_copy                     0x08005030   Section       14  handlers.o(i.__scatterload_copy)
    i.__scatterload_null                     0x0800503e   Section        2  handlers.o(i.__scatterload_null)
    i.__scatterload_zeroinit                 0x08005040   Section       14  handlers.o(i.__scatterload_zeroinit)
    i.__set_errno                            0x08005050   Section        0  errno.o(i.__set_errno)
    i.asin                                   0x0800505c   Section        0  asin.o(i.asin)
    i.atan                                   0x080052cc   Section        0  atan.o(i.atan)
    i.atan2                                  0x080054ec   Section        0  atan2.o(i.atan2)
    i.cycleCounterInit                       0x0800566c   Section        0  delay.o(i.cycleCounterInit)
    i.delay_ms                               0x08005690   Section        0  delay.o(i.delay_ms)
    i.imu_rest                               0x080056b4   Section        0  imu.o(i.imu_rest)
    i.kalman_1                               0x080056e0   Section        0  kalman.o(i.kalman_1)
    i.main                                   0x08005738   Section        0  main.o(i.main)
    i.pidRest                                0x080057b0   Section        0  pid.o(i.pidRest)
    i.pidUpdate                              0x080057dc   Section        0  pid.o(i.pidUpdate)
    i.pid_param_Init                         0x08005848   Section        0  init.o(i.pid_param_Init)
    i.remote_unlock                          0x080058a8   Section        0  remote.o(i.remote_unlock)
    i.sqrt                                   0x080059d0   Section        0  sqrt.o(i.sqrt)
    .constdata                               0x08005a1c   Section       10  nrf24l01.o(.constdata)
    .constdata                               0x08005a28   Section       24  mymath.o(.constdata)
    .constdata                               0x08005a40   Section      134  usb_desc.o(.constdata)
    .constdata                               0x08005ac8   Section       80  asin.o(.constdata)
    pS                                       0x08005ac8   Data          48  asin.o(.constdata)
    qS                                       0x08005af8   Data          32  asin.o(.constdata)
    .constdata                               0x08005b18   Section      152  atan.o(.constdata)
    atanhi                                   0x08005b18   Data          32  atan.o(.constdata)
    atanlo                                   0x08005b38   Data          32  atan.o(.constdata)
    aTodd                                    0x08005b58   Data          40  atan.o(.constdata)
    aTeven                                   0x08005b80   Data          48  atan.o(.constdata)
    .constdata                               0x08005bb0   Section        8  qnan.o(.constdata)
    .data                                    0x20000000   Section       20  system_stm32f10x.o(.data)
    .data                                    0x20000014   Section        4  delay.o(.data)
    usTicks                                  0x20000014   Data           4  delay.o(.data)
    .data                                    0x20000018   Section       14  init.o(.data)
    .data                                    0x20000026   Section       20  stm32f10x_rcc.o(.data)
    APBAHBPrescTable                         0x20000026   Data          16  stm32f10x_rcc.o(.data)
    ADCPrescTable                            0x20000036   Data           4  stm32f10x_rcc.o(.data)
    .data                                    0x2000003a   Section        5  usb_hid.o(.data)
    notfull_timeout                          0x2000003e   Data           1  usb_hid.o(.data)
    .data                                    0x20000040   Section       14  flash.o(.data)
    .data                                    0x20000050   Section        8  led.o(.data)
    LastTime                                 0x20000054   Data           4  led.o(.data)
    .data                                    0x20000058   Section       76  mpu6050.o(.data)
    pMpu                                     0x20000058   Data           4  mpu6050.o(.data)
    ekf                                      0x2000005c   Data          72  mpu6050.o(.data)
    .data                                    0x200000a4   Section       30  control.o(.data)
    status                                   0x200000c0   Data           1  control.o(.data)
    status                                   0x200000c1   Data           1  control.o(.data)
    .data                                    0x200000c2   Section       12  ano_dt.o(.data)
    ANTO_Recived_flag                        0x200000c4   Data           1  ano_dt.o(.data)
    status                                   0x200000c5   Data           1  ano_dt.o(.data)
    count                                    0x200000c6   Data           1  ano_dt.o(.data)
    CheckSend                                0x200000c7   Data           7  ano_dt.o(.data)
    .data                                    0x200000ce   Section        7  remote.o(.data)
    cnt                                      0x200000ce   Data           2  remote.o(.data)
    status                                   0x200000d0   Data           1  remote.o(.data)
    cnt                                      0x200000d2   Data           2  remote.o(.data)
    cnt                                      0x200000d4   Data           1  remote.o(.data)
    .data                                    0x200000d8   Section       28  imu.o(.data)
    NormAcc                                  0x200000d8   Data           4  imu.o(.data)
    KpDef                                    0x200000ec   Data           4  imu.o(.data)
    KiDef                                    0x200000f0   Data           4  imu.o(.data)
    .data                                    0x200000f4   Section        3  usb_core.o(.data)
    .data                                    0x200000f8   Section       20  usb_init.o(.data)
    .data                                    0x2000010c   Section        4  usb_int.o(.data)
    .data                                    0x20000110   Section       26  usb_desc.o(.data)
    .data                                    0x2000012c   Section       60  usb_istr.o(.data)
    .data                                    0x20000168   Section      156  usb_prop.o(.data)
    .data                                    0x20000204   Section        7  usb_pwr.o(.data)
    .data                                    0x2000020c   Section        4  errno.o(.data)
    _errno                                   0x2000020c   Data           4  errno.o(.data)
    .bss                                     0x20000210   Section      352  init.o(.bss)
    .bss                                     0x20000370   Section      320  usb_hid.o(.bss)
    .bss                                     0x200004b0   Section       24  mpu6050.o(.bss)
    tBuff                                    0x200004bc   Data          12  mpu6050.o(.bss)
    .bss                                     0x200004c8   Section      109  ano_dt.o(.bss)
    RatePID                                  0x200004c8   Data          18  ano_dt.o(.bss)
    AnglePID                                 0x200004da   Data          18  ano_dt.o(.bss)
    HighPID                                  0x200004ec   Data          18  ano_dt.o(.bss)
    ReciveBuffer                             0x2000051c   Data          25  ano_dt.o(.bss)
    .bss                                     0x20000535   Section       32  remote.o(.bss)
    .bss                                     0x20000558   Section       12  imu.o(.bss)
    .bss                                     0x20000564   Section       28  usb_init.o(.bss)
    .bss                                     0x20000580   Section       64  usb_endp.o(.bss)
    STACK                                    0x200005c0   Section     1024  startup_stm32f10x_md.o(STACK)

    Global Symbols

    Symbol Name                              Value     Ov Type        Size  Object(Section)

    BuildAttributes$$THM_ISAv4$P$D$K$B$S$PE$A:L22UL41UL21$X:L11$S22US41US21$IEEE1$IW$USESV6$~STKCKD$USESV7$~SHL$OTIME$ROPI$IEEEX$EBA8$MICROLIB$REQ8$PRES8$EABIv2 0x00000000   Number         0  anon$$obj.o ABSOLUTE
    __ARM_use_no_argv                        0x00000000   Number         0  main.o ABSOLUTE
    __cpp_initialize__aeabi_                  - Undefined Weak Reference
    __cxa_finalize                            - Undefined Weak Reference
    _clock_init                               - Undefined Weak Reference
    _microlib_exit                            - Undefined Weak Reference
    __Vectors_Size                           0x000000ec   Number         0  startup_stm32f10x_md.o ABSOLUTE
    __Vectors                                0x08000000   Data           4  startup_stm32f10x_md.o(RESET)
    __Vectors_End                            0x080000ec   Data           0  startup_stm32f10x_md.o(RESET)
    __main                                   0x080000ed   Thumb Code     0  entry.o(.ARM.Collect$$$$00000000)
    _main_stk                                0x080000ed   Thumb Code     0  entry2.o(.ARM.Collect$$$$00000001)
    _main_scatterload                        0x080000f1   Thumb Code     0  entry5.o(.ARM.Collect$$$$00000004)
    __main_after_scatterload                 0x080000f5   Thumb Code     0  entry5.o(.ARM.Collect$$$$00000004)
    _main_clock                              0x080000f5   Thumb Code     0  entry7b.o(.ARM.Collect$$$$00000008)
    _main_cpp_init                           0x080000f5   Thumb Code     0  entry8b.o(.ARM.Collect$$$$0000000A)
    _main_init                               0x080000f5   Thumb Code     0  entry9a.o(.ARM.Collect$$$$0000000B)
    __rt_final_cpp                           0x080000fd   Thumb Code     0  entry10a.o(.ARM.Collect$$$$0000000D)
    __rt_final_exit                          0x080000fd   Thumb Code     0  entry11a.o(.ARM.Collect$$$$0000000F)
    Reset_Handler                            0x08000101   Thumb Code     8  startup_stm32f10x_md.o(.text)
    ADC1_2_IRQHandler                        0x0800011b   Thumb Code     0  startup_stm32f10x_md.o(.text)
    CAN1_RX1_IRQHandler                      0x0800011b   Thumb Code     0  startup_stm32f10x_md.o(.text)
    CAN1_SCE_IRQHandler                      0x0800011b   Thumb Code     0  startup_stm32f10x_md.o(.text)
    DMA1_Channel1_IRQHandler                 0x0800011b   Thumb Code     0  startup_stm32f10x_md.o(.text)
    DMA1_Channel2_IRQHandler                 0x0800011b   Thumb Code     0  startup_stm32f10x_md.o(.text)
    DMA1_Channel3_IRQHandler                 0x0800011b   Thumb Code     0  startup_stm32f10x_md.o(.text)
    DMA1_Channel5_IRQHandler                 0x0800011b   Thumb Code     0  startup_stm32f10x_md.o(.text)
    DMA1_Channel6_IRQHandler                 0x0800011b   Thumb Code     0  startup_stm32f10x_md.o(.text)
    DMA1_Channel7_IRQHandler                 0x0800011b   Thumb Code     0  startup_stm32f10x_md.o(.text)
    EXTI0_IRQHandler                         0x0800011b   Thumb Code     0  startup_stm32f10x_md.o(.text)
    EXTI15_10_IRQHandler                     0x0800011b   Thumb Code     0  startup_stm32f10x_md.o(.text)
    EXTI1_IRQHandler                         0x0800011b   Thumb Code     0  startup_stm32f10x_md.o(.text)
    EXTI2_IRQHandler                         0x0800011b   Thumb Code     0  startup_stm32f10x_md.o(.text)
    EXTI3_IRQHandler                         0x0800011b   Thumb Code     0  startup_stm32f10x_md.o(.text)
    EXTI4_IRQHandler                         0x0800011b   Thumb Code     0  startup_stm32f10x_md.o(.text)
    EXTI9_5_IRQHandler                       0x0800011b   Thumb Code     0  startup_stm32f10x_md.o(.text)
    FLASH_IRQHandler                         0x0800011b   Thumb Code     0  startup_stm32f10x_md.o(.text)
    I2C1_ER_IRQHandler                       0x0800011b   Thumb Code     0  startup_stm32f10x_md.o(.text)
    I2C1_EV_IRQHandler                       0x0800011b   Thumb Code     0  startup_stm32f10x_md.o(.text)
    I2C2_ER_IRQHandler                       0x0800011b   Thumb Code     0  startup_stm32f10x_md.o(.text)
    I2C2_EV_IRQHandler                       0x0800011b   Thumb Code     0  startup_stm32f10x_md.o(.text)
    PVD_IRQHandler                           0x0800011b   Thumb Code     0  startup_stm32f10x_md.o(.text)
    RCC_IRQHandler                           0x0800011b   Thumb Code     0  startup_stm32f10x_md.o(.text)
    RTCAlarm_IRQHandler                      0x0800011b   Thumb Code     0  startup_stm32f10x_md.o(.text)
    RTC_IRQHandler                           0x0800011b   Thumb Code     0  startup_stm32f10x_md.o(.text)
    SPI1_IRQHandler                          0x0800011b   Thumb Code     0  startup_stm32f10x_md.o(.text)
    SPI2_IRQHandler                          0x0800011b   Thumb Code     0  startup_stm32f10x_md.o(.text)
    TAMPER_IRQHandler                        0x0800011b   Thumb Code     0  startup_stm32f10x_md.o(.text)
    TIM1_BRK_IRQHandler                      0x0800011b   Thumb Code     0  startup_stm32f10x_md.o(.text)
    TIM1_CC_IRQHandler                       0x0800011b   Thumb Code     0  startup_stm32f10x_md.o(.text)
    TIM1_TRG_COM_IRQHandler                  0x0800011b   Thumb Code     0  startup_stm32f10x_md.o(.text)
    TIM2_IRQHandler                          0x0800011b   Thumb Code     0  startup_stm32f10x_md.o(.text)
    TIM3_IRQHandler                          0x0800011b   Thumb Code     0  startup_stm32f10x_md.o(.text)
    TIM4_IRQHandler                          0x0800011b   Thumb Code     0  startup_stm32f10x_md.o(.text)
    USART2_IRQHandler                        0x0800011b   Thumb Code     0  startup_stm32f10x_md.o(.text)
    USART3_IRQHandler                        0x0800011b   Thumb Code     0  startup_stm32f10x_md.o(.text)
    USBWakeUp_IRQHandler                     0x0800011b   Thumb Code     0  startup_stm32f10x_md.o(.text)
    USB_HP_CAN1_TX_IRQHandler                0x0800011b   Thumb Code     0  startup_stm32f10x_md.o(.text)
    WWDG_IRQHandler                          0x0800011b   Thumb Code     0  startup_stm32f10x_md.o(.text)
    __aeabi_memcpy                           0x08000125   Thumb Code    36  memcpya.o(.text)
    __aeabi_memcpy4                          0x08000125   Thumb Code     0  memcpya.o(.text)
    __aeabi_memcpy8                          0x08000125   Thumb Code     0  memcpya.o(.text)
    __aeabi_fadd                             0x08000149   Thumb Code   164  fadd.o(.text)
    __aeabi_fsub                             0x080001ed   Thumb Code     6  fadd.o(.text)
    __aeabi_frsub                            0x080001f3   Thumb Code     6  fadd.o(.text)
    __aeabi_fmul                             0x080001f9   Thumb Code   100  fmul.o(.text)
    __aeabi_fdiv                             0x0800025d   Thumb Code   124  fdiv.o(.text)
    __aeabi_dadd                             0x080002d9   Thumb Code   322  dadd.o(.text)
    __aeabi_dsub                             0x0800041b   Thumb Code     6  dadd.o(.text)
    __aeabi_drsub                            0x08000421   Thumb Code     6  dadd.o(.text)
    __aeabi_dmul                             0x08000427   Thumb Code   228  dmul.o(.text)
    __aeabi_i2f                              0x0800050b   Thumb Code    18  fflti.o(.text)
    __aeabi_ui2f                             0x0800051d   Thumb Code    10  ffltui.o(.text)
    __aeabi_i2d                              0x08000527   Thumb Code    34  dflti.o(.text)
    __aeabi_ui2d                             0x08000549   Thumb Code    26  dfltui.o(.text)
    __aeabi_f2iz                             0x08000563   Thumb Code    50  ffixi.o(.text)
    __aeabi_d2iz                             0x08000595   Thumb Code    62  dfixi.o(.text)
    __aeabi_f2d                              0x080005d3   Thumb Code    38  f2d.o(.text)
    __aeabi_d2f                              0x080005f9   Thumb Code    56  d2f.o(.text)
    __aeabi_cfcmpeq                          0x08000631   Thumb Code     0  cfcmple.o(.text)
    __aeabi_cfcmple                          0x08000631   Thumb Code    20  cfcmple.o(.text)
    __aeabi_cfrcmple                         0x08000645   Thumb Code    20  cfrcmple.o(.text)
    __aeabi_llsl                             0x08000659   Thumb Code    30  llshl.o(.text)
    _ll_shift_l                              0x08000659   Thumb Code     0  llshl.o(.text)
    __aeabi_llsr                             0x08000677   Thumb Code    32  llushr.o(.text)
    _ll_ushift_r                             0x08000677   Thumb Code     0  llushr.o(.text)
    __aeabi_lasr                             0x08000697   Thumb Code    36  llsshr.o(.text)
    _ll_sshift_r                             0x08000697   Thumb Code     0  llsshr.o(.text)
    __I$use$fp                               0x080006bb   Thumb Code     0  iusefp.o(.text)
    _float_round                             0x080006bb   Thumb Code    18  fepilogue.o(.text)
    _float_epilogue                          0x080006cd   Thumb Code    92  fepilogue.o(.text)
    _double_round                            0x08000729   Thumb Code    30  depilogue.o(.text)
    _double_epilogue                         0x08000747   Thumb Code   156  depilogue.o(.text)
    __aeabi_ddiv                             0x080007e3   Thumb Code   222  ddiv.o(.text)
    __ARM_scalbn                             0x080008c1   Thumb Code    46  dscalb.o(.text)
    scalbn                                   0x080008c1   Thumb Code     0  dscalb.o(.text)
    __scatterload                            0x080008f1   Thumb Code    28  init.o(.text)
    __scatterload_rt2                        0x080008f1   Thumb Code     0  init.o(.text)
    _dsqrt                                   0x08000915   Thumb Code   162  dsqrt.o(.text)
    __decompress                             0x080009b7   Thumb Code     0  __dczerorl2.o(.text)
    __decompress1                            0x080009b7   Thumb Code    86  __dczerorl2.o(.text)
    ALL_Init                                 0x08000a0d   Thumb Code    42  init.o(i.ALL_Init)
    ANO_Recive                               0x08000a39   Thumb Code   202  ano_dt.o(i.ANO_Recive)
    ANTO_Send                                0x08000b15   Thumb Code   708  ano_dt.o(i.ANTO_Send)
    ANTO_polling                             0x08000e15   Thumb Code   528  ano_dt.o(i.ANTO_polling)
    BusFault_Handler                         0x08001051   Thumb Code     4  stm32f10x_it.o(i.BusFault_Handler)
    ByteSwap                                 0x08001055   Thumb Code    12  usb_regs.o(i.ByteSwap)
    CTR_LP                                   0x08001061   Thumb Code   774  usb_int.o(i.CTR_LP)
    CascadePID                               0x08001389   Thumb Code    30  pid.o(i.CascadePID)
    ClearDTOG_RX                             0x080013a9   Thumb Code    46  usb_regs.o(i.ClearDTOG_RX)
    ClearDTOG_TX                             0x080013dd   Thumb Code    46  usb_regs.o(i.ClearDTOG_TX)
    Clear_Status_Out                         0x08001411   Thumb Code    28  usb_regs.o(i.Clear_Status_Out)
    CustomHID_Data_Setup                     0x08001431   Thumb Code   108  usb_prop.o(i.CustomHID_Data_Setup)
    CustomHID_GetConfigDescriptor            0x080014ad   Thumb Code    14  usb_prop.o(i.CustomHID_GetConfigDescriptor)
    CustomHID_GetDeviceDescriptor            0x080014c1   Thumb Code    14  usb_prop.o(i.CustomHID_GetDeviceDescriptor)
    CustomHID_GetHIDDescriptor               0x080014d5   Thumb Code    14  usb_prop.o(i.CustomHID_GetHIDDescriptor)
    CustomHID_GetProtocolValue               0x080014e9   Thumb Code    20  usb_prop.o(i.CustomHID_GetProtocolValue)
    CustomHID_GetReportDescriptor            0x08001505   Thumb Code    14  usb_prop.o(i.CustomHID_GetReportDescriptor)
    CustomHID_GetStringDescriptor            0x08001519   Thumb Code    32  usb_prop.o(i.CustomHID_GetStringDescriptor)
    CustomHID_Get_Interface_Setting          0x08001541   Thumb Code    22  usb_prop.o(i.CustomHID_Get_Interface_Setting)
    CustomHID_NoData_Setup                   0x08001559   Thumb Code    32  usb_prop.o(i.CustomHID_NoData_Setup)
    CustomHID_Reset                          0x0800157d   Thumb Code   176  usb_prop.o(i.CustomHID_Reset)
    CustomHID_SetConfiguration               0x0800163d   Thumb Code    16  usb_prop.o(i.CustomHID_SetConfiguration)
    CustomHID_SetDeviceAddress               0x08001655   Thumb Code     8  usb_prop.o(i.CustomHID_SetDeviceAddress)
    CustomHID_SetProtocol                    0x08001661   Thumb Code    14  usb_prop.o(i.CustomHID_SetProtocol)
    CustomHID_Status_In                      0x08001679   Thumb Code     2  usb_prop.o(i.CustomHID_Status_In)
    CustomHID_Status_Out                     0x0800167b   Thumb Code     2  usb_prop.o(i.CustomHID_Status_Out)
    CustomHID_init                           0x0800167d   Thumb Code    50  usb_prop.o(i.CustomHID_init)
    DMA1_Channel4_IRQHandler                 0x080016c1   Thumb Code    30  usart.o(i.DMA1_Channel4_IRQHandler)
    DMA_ClearFlag                            0x080016e5   Thumb Code    18  stm32f10x_dma.o(i.DMA_ClearFlag)
    DMA_Cmd                                  0x08001701   Thumb Code    24  stm32f10x_dma.o(i.DMA_Cmd)
    DMA_GetITStatus                          0x08001719   Thumb Code    36  stm32f10x_dma.o(i.DMA_GetITStatus)
    DebugMon_Handler                         0x08001b59   Thumb Code     2  stm32f10x_it.o(i.DebugMon_Handler)
    EP1_OUT_Callback                         0x08001b5d   Thumb Code    28  usb_endp.o(i.EP1_OUT_Callback)
    EP2_IN_Callback                          0x08001b81   Thumb Code    20  usb_endp.o(i.EP2_IN_Callback)
    Enter_LowPowerMode                       0x08001b99   Thumb Code     8  usb_config.o(i.Enter_LowPowerMode)
    FLASH_read                               0x08001ba5   Thumb Code    40  flash.o(i.FLASH_read)
    FlightPidControl                         0x08001bd5   Thumb Code   338  control.o(i.FlightPidControl)
    GPIO_Init                                0x08001d65   Thumb Code   278  stm32f10x_gpio.o(i.GPIO_Init)
    GPIO_ResetBits                           0x08001e7b   Thumb Code     4  stm32f10x_gpio.o(i.GPIO_ResetBits)
    GPIO_SetBits                             0x08001e7f   Thumb Code     4  stm32f10x_gpio.o(i.GPIO_SetBits)
    GetAngle                                 0x08001e85   Thumb Code  1848  imu.o(i.GetAngle)
    GetEPRxAddr                              0x080025cd   Thumb Code    24  usb_regs.o(i.GetEPRxAddr)
    GetEPTxAddr                              0x080025ed   Thumb Code    22  usb_regs.o(i.GetEPTxAddr)
    GetSysTime_us                            0x0800260d   Thumb Code    58  delay.o(i.GetSysTime_us)
    Get_SerialNum                            0x08002651   Thumb Code    62  usb_config.o(i.Get_SerialNum)
    HardFault_Handler                        0x08002699   Thumb Code     4  stm32f10x_it.o(i.HardFault_Handler)
    I2c_delay                                0x080028b9   Thumb Code    28  iic_software.o(i.I2c_delay)
    IIC_Init                                 0x080028d5   Thumb Code    38  iic_software.o(i.IIC_Init)
    IIC_Read_One_Byte                        0x08002901   Thumb Code   100  iic_software.o(i.IIC_Read_One_Byte)
    IIC_Write_One_Byte                       0x08002965   Thumb Code    68  iic_software.o(i.IIC_Write_One_Byte)
    IIC_read_Bytes                           0x080029a9   Thumb Code   128  iic_software.o(i.IIC_read_Bytes)
    In0_Process                              0x08002a29   Thumb Code    98  usb_core.o(i.In0_Process)
    Leave_LowPowerMode                       0x08002a99   Thumb Code    22  usb_config.o(i.Leave_LowPowerMode)
    MemManage_Handler                        0x08002ab9   Thumb Code     4  stm32f10x_it.o(i.MemManage_Handler)
    MotorControl                             0x08002abd   Thumb Code   790  control.o(i.MotorControl)
    MpuGetData                               0x08002e11   Thumb Code   220  mpu6050.o(i.MpuGetData)
    MpuInit                                  0x08002f05   Thumb Code   128  mpu6050.o(i.MpuInit)
    NMI_Handler                              0x08002f89   Thumb Code     2  stm32f10x_it.o(i.NMI_Handler)
    NOP_Process                              0x08002f8b   Thumb Code     2  usb_core.o(i.NOP_Process)
    NRF24L01_Check                           0x08002f8d   Thumb Code    68  nrf24l01.o(i.NRF24L01_Check)
    NRF24L01_Configuration                   0x08002fd9   Thumb Code   100  nrf24l01.o(i.NRF24L01_Configuration)
    NRF24L01_Read_Buf                        0x08003045   Thumb Code    62  nrf24l01.o(i.NRF24L01_Read_Buf)
    NRF24L01_Read_Reg                        0x08003089   Thumb Code    40  nrf24l01.o(i.NRF24L01_Read_Reg)
    NRF24L01_RxPacket                        0x080030b5   Thumb Code    52  nrf24l01.o(i.NRF24L01_RxPacket)
    NRF24L01_Write_Buf                       0x080030e9   Thumb Code    62  nrf24l01.o(i.NRF24L01_Write_Buf)
    NRF24L01_Write_Reg                       0x0800312d   Thumb Code    42  nrf24l01.o(i.NRF24L01_Write_Reg)
    NRF24L01_init                            0x0800315d   Thumb Code    22  nrf24l01.o(i.NRF24L01_init)
    NVIC_Init                                0x08003175   Thumb Code   100  misc.o(i.NVIC_Init)
    NVIC_PriorityGroupConfig                 0x080031e5   Thumb Code    10  misc.o(i.NVIC_PriorityGroupConfig)
    Out0_Process                             0x0800333d   Thumb Code    70  usb_core.o(i.Out0_Process)
    PMAToUserBufferCopy                      0x0800338d   Thumb Code    34  usb_mem.o(i.PMAToUserBufferCopy)
    PendSV_Handler                           0x080033b5   Thumb Code     2  stm32f10x_it.o(i.PendSV_Handler)
    PilotLED                                 0x080033b9   Thumb Code   168  led.o(i.PilotLED)
    Post0_Process                            0x08003471   Thumb Code    54  usb_core.o(i.Post0_Process)
    PowerOn                                  0x080034b9   Thumb Code    54  usb_pwr.o(i.PowerOn)
    Q_rsqrt                                  0x080034f9   Thumb Code    74  mymath.o(i.Q_rsqrt)
    RCC_APB1PeriphClockCmd                   0x08003549   Thumb Code    26  stm32f10x_rcc.o(i.RCC_APB1PeriphClockCmd)
    RCC_APB2PeriphClockCmd                   0x08003569   Thumb Code    26  stm32f10x_rcc.o(i.RCC_APB2PeriphClockCmd)
    RCC_GetClocksFreq                        0x08003589   Thumb Code   192  stm32f10x_rcc.o(i.RCC_GetClocksFreq)
    RCC_USBCLKConfig                         0x0800365d   Thumb Code     6  stm32f10x_rcc.o(i.RCC_USBCLKConfig)
    RC_Analy                                 0x08003669   Thumb Code   666  remote.o(i.RC_Analy)
    RX_Mode                                  0x08003929   Thumb Code    80  nrf24l01.o(i.RX_Mode)
    Resume                                   0x08003981   Thumb Code   168  usb_pwr.o(i.Resume)
    Resume_Init                              0x08003a31   Thumb Code    30  usb_pwr.o(i.Resume_Init)
    SPI_Config                               0x08003a55   Thumb Code   104  spi.o(i.SPI_Config)
    SPI_RW                                   0x08003ac1   Thumb Code    94  spi.o(i.SPI_RW)
    SVC_Handler                              0x08003b25   Thumb Code     2  stm32f10x_it.o(i.SVC_Handler)
    SetBTABLE                                0x08003b29   Thumb Code    12  usb_regs.o(i.SetBTABLE)
    SetDeviceAddress                         0x08003b39   Thumb Code    62  usb_core.o(i.SetDeviceAddress)
    SetEPRxAddr                              0x08003b85   Thumb Code    26  usb_regs.o(i.SetEPRxAddr)
    SetEPRxCount                             0x08003ba9   Thumb Code    68  usb_regs.o(i.SetEPRxCount)
    SetEPRxStatus                            0x08003bf5   Thumb Code    52  usb_regs.o(i.SetEPRxStatus)
    SetEPRxValid                             0x08003c2d   Thumb Code    38  usb_regs.o(i.SetEPRxValid)
    SetEPTxAddr                              0x08003c59   Thumb Code    24  usb_regs.o(i.SetEPTxAddr)
    SetEPTxCount                             0x08003c79   Thumb Code    20  usb_regs.o(i.SetEPTxCount)
    SetEPTxStatus                            0x08003c95   Thumb Code    52  usb_regs.o(i.SetEPTxStatus)
    SetEPTxValid                             0x08003ccd   Thumb Code    38  usb_regs.o(i.SetEPTxValid)
    SetEPType                                0x08003cf9   Thumb Code    32  usb_regs.o(i.SetEPType)
    Set_USBClock                             0x08003e05   Thumb Code    18  usb_config.o(i.Set_USBClock)
    Setup0_Process                           0x08003e19   Thumb Code   162  usb_core.o(i.Setup0_Process)
    Standard_ClearFeature                    0x08003ec9   Thumb Code   326  usb_core.o(i.Standard_ClearFeature)
    Standard_GetConfiguration                0x08004025   Thumb Code    34  usb_core.o(i.Standard_GetConfiguration)
    Standard_GetDescriptorData               0x08004051   Thumb Code    32  usb_core.o(i.Standard_GetDescriptorData)
    Standard_GetInterface                    0x08004075   Thumb Code    34  usb_core.o(i.Standard_GetInterface)
    Standard_GetStatus                       0x080040a1   Thumb Code   224  usb_core.o(i.Standard_GetStatus)
    Standard_SetConfiguration                0x08004191   Thumb Code    60  usb_core.o(i.Standard_SetConfiguration)
    Standard_SetDeviceFeature                0x080041d9   Thumb Code    30  usb_core.o(i.Standard_SetDeviceFeature)
    Standard_SetEndPointFeature              0x08004201   Thumb Code   176  usb_core.o(i.Standard_SetEndPointFeature)
    Standard_SetInterface                    0x080042c1   Thumb Code    96  usb_core.o(i.Standard_SetInterface)
    Suspend                                  0x0800432d   Thumb Code    34  usb_pwr.o(i.Suspend)
    SysTick_Handler                          0x08004355   Thumb Code    12  stm32f10x_it.o(i.SysTick_Handler)
    SystemInit                               0x08004365   Thumb Code    78  system_stm32f10x.o(i.SystemInit)
    TIM1_Config                              0x080043c5   Thumb Code    94  tim.o(i.TIM1_Config)
    TIM1_UP_IRQHandler                       0x08004429   Thumb Code    50  scheduler.o(i.TIM1_UP_IRQHandler)
    TIM2_PWM_Config                          0x0800446d   Thumb Code   194  tim.o(i.TIM2_PWM_Config)
    TIM3_PWM_Config                          0x08004535   Thumb Code   210  tim.o(i.TIM3_PWM_Config)
    TIM_ARRPreloadConfig                     0x08004615   Thumb Code    24  stm32f10x_tim.o(i.TIM_ARRPreloadConfig)
    TIM_ClearITPendingBit                    0x0800462d   Thumb Code     6  stm32f10x_tim.o(i.TIM_ClearITPendingBit)
    TIM_Cmd                                  0x08004633   Thumb Code    24  stm32f10x_tim.o(i.TIM_Cmd)
    TIM_GetITStatus                          0x0800464b   Thumb Code    34  stm32f10x_tim.o(i.TIM_GetITStatus)
    TIM_ITConfig                             0x0800466d   Thumb Code    18  stm32f10x_tim.o(i.TIM_ITConfig)
    TIM_OC1Init                              0x08004681   Thumb Code   132  stm32f10x_tim.o(i.TIM_OC1Init)
    TIM_OC1PreloadConfig                     0x08004719   Thumb Code    18  stm32f10x_tim.o(i.TIM_OC1PreloadConfig)
    TIM_OC2Init                              0x0800472d   Thumb Code   154  stm32f10x_tim.o(i.TIM_OC2Init)
    TIM_OC2PreloadConfig                     0x080047d1   Thumb Code    26  stm32f10x_tim.o(i.TIM_OC2PreloadConfig)
    TIM_OC3Init                              0x080047ed   Thumb Code   150  stm32f10x_tim.o(i.TIM_OC3Init)
    TIM_OC3PreloadConfig                     0x0800488d   Thumb Code    18  stm32f10x_tim.o(i.TIM_OC3PreloadConfig)
    TIM_OC4Init                              0x080048a1   Thumb Code   114  stm32f10x_tim.o(i.TIM_OC4Init)
    TIM_OC4PreloadConfig                     0x0800491d   Thumb Code    26  stm32f10x_tim.o(i.TIM_OC4PreloadConfig)
    TIM_TimeBaseInit                         0x08004939   Thumb Code   122  stm32f10x_tim.o(i.TIM_TimeBaseInit)
    USART1_IRQHandler                        0x080049dd   Thumb Code   244  ano_dt.o(i.USART1_IRQHandler)
    USART1_SendByte                          0x08004ae1   Thumb Code    44  usart.o(i.USART1_SendByte)
    USART_SendData                           0x08004b11   Thumb Code     8  stm32f10x_usart.o(i.USART_SendData)
    USB_Cable_Config                         0x08004b19   Thumb Code     2  usb_config.o(i.USB_Cable_Config)
    USB_Connect                              0x08004b1d   Thumb Code    78  usb_config.o(i.USB_Connect)
    USB_HID_Init                             0x08004b75   Thumb Code    38  usb_hid.o(i.USB_HID_Init)
    USB_Init                                 0x08004ba1   Thumb Code    36  usb_init.o(i.USB_Init)
    USB_Interrupts_Config                    0x08004bdd   Thumb Code    34  usb_config.o(i.USB_Interrupts_Config)
    USB_Istr                                 0x08004c01   Thumb Code   222  usb_istr.o(i.USB_Istr)
    USB_LP_CAN1_RX0_IRQHandler               0x08004cf9   Thumb Code     8  stm32f10x_it.o(i.USB_LP_CAN1_RX0_IRQHandler)
    UsageFault_Handler                       0x08004d01   Thumb Code     4  stm32f10x_it.o(i.UsageFault_Handler)
    Usb_Hid_Adddata                          0x08004d05   Thumb Code    36  usb_hid.o(i.Usb_Hid_Adddata)
    Usb_Hid_Send                             0x08004d31   Thumb Code   438  usb_hid.o(i.Usb_Hid_Send)
    UserToPMABufferCopy                      0x08004f01   Thumb Code    52  usb_mem.o(i.UserToPMABufferCopy)
    __ARM_fpclassify                         0x08004f39   Thumb Code    40  fpclassify.o(i.__ARM_fpclassify)
    __kernel_poly                            0x08004f61   Thumb Code   170  poly.o(i.__kernel_poly)
    __mathlib_dbl_infnan                     0x0800500b   Thumb Code     6  dunder.o(i.__mathlib_dbl_infnan)
    __mathlib_dbl_infnan2                    0x08005011   Thumb Code     4  dunder.o(i.__mathlib_dbl_infnan2)
    __mathlib_dbl_invalid                    0x08005015   Thumb Code    12  dunder.o(i.__mathlib_dbl_invalid)
    __mathlib_dbl_underflow                  0x08005021   Thumb Code    10  dunder.o(i.__mathlib_dbl_underflow)
    __scatterload_copy                       0x08005031   Thumb Code    14  handlers.o(i.__scatterload_copy)
    __scatterload_null                       0x0800503f   Thumb Code     2  handlers.o(i.__scatterload_null)
    __scatterload_zeroinit                   0x08005041   Thumb Code    14  handlers.o(i.__scatterload_zeroinit)
    __set_errno                              0x08005051   Thumb Code     6  errno.o(i.__set_errno)
    asin                                     0x0800505d   Thumb Code   572  asin.o(i.asin)
    atan                                     0x080052cd   Thumb Code   474  atan.o(i.atan)
    atan2                                    0x080054ed   Thumb Code   346  atan2.o(i.atan2)
    cycleCounterInit                         0x0800566d   Thumb Code    26  delay.o(i.cycleCounterInit)
    delay_ms                                 0x08005691   Thumb Code    34  delay.o(i.delay_ms)
    imu_rest                                 0x080056b5   Thumb Code    32  imu.o(i.imu_rest)
    kalman_1                                 0x080056e1   Thumb Code    88  kalman.o(i.kalman_1)
    main                                     0x08005739   Thumb Code   108  main.o(i.main)
    pidRest                                  0x080057b1   Thumb Code    44  pid.o(i.pidRest)
    pidUpdate                                0x080057dd   Thumb Code   106  pid.o(i.pidUpdate)
    pid_param_Init                           0x08005849   Thumb Code    52  init.o(i.pid_param_Init)
    remote_unlock                            0x080058a9   Thumb Code   272  remote.o(i.remote_unlock)
    sqrt                                     0x080059d1   Thumb Code    76  sqrt.o(i.sqrt)
    TX_ADDRESS                               0x08005a1c   Data           5  nrf24l01.o(.constdata)
    RX_ADDRESS                               0x08005a21   Data           5  nrf24l01.o(.constdata)
    M_PI                                     0x08005a28   Data           4  mymath.o(.constdata)
    RtA                                      0x08005a2c   Data           4  mymath.o(.constdata)
    AtR                                      0x08005a30   Data           4  mymath.o(.constdata)
    Gyro_G                                   0x08005a34   Data           4  mymath.o(.constdata)
    Gyro_Gr                                  0x08005a38   Data           4  mymath.o(.constdata)
    PI_2                                     0x08005a3c   Data           4  mymath.o(.constdata)
    CustomHID_DeviceDescriptor               0x08005a40   Data          18  usb_desc.o(.constdata)
    CustomHID_ConfigDescriptor               0x08005a52   Data          41  usb_desc.o(.constdata)
    CustomHID_ReportDescriptor               0x08005a7b   Data          33  usb_desc.o(.constdata)
    CustomHID_StringLangID                   0x08005a9c   Data           4  usb_desc.o(.constdata)
    CustomHID_StringVendor                   0x08005aa0   Data          20  usb_desc.o(.constdata)
    CustomHID_StringProduct                  0x08005ab4   Data          18  usb_desc.o(.constdata)
    __mathlib_zero                           0x08005bb0   Data           8  qnan.o(.constdata)
    Region$$Table$$Base                      0x08005bb8   Number         0  anon$$obj.o(Region$$Table)
    Region$$Table$$Limit                     0x08005bd8   Number         0  anon$$obj.o(Region$$Table)
    SystemCoreClock                          0x20000000   Data           4  system_stm32f10x.o(.data)
    AHBPrescTable                            0x20000004   Data          16  system_stm32f10x.o(.data)
    SysTick_count                            0x20000018   Data           4  init.o(.data)
    ALL_flag                                 0x2000001c   Data           1  init.o(.data)
    motor_PWM_Value                          0x2000001e   Data           8  init.o(.data)
    USB_ReceiveFlg                           0x2000003a   Data           1  usb_hid.o(.data)
    HID_SEND_TIMEOUT                         0x2000003b   Data           1  usb_hid.o(.data)
    hid_datatemp_begin                       0x2000003c   Data           1  usb_hid.o(.data)
    hid_datatemp_end                         0x2000003d   Data           1  usb_hid.o(.data)
    EraseCounter                             0x20000040   Data           4  flash.o(.data)
    Address                                  0x20000044   Data           4  flash.o(.data)
    First_Page                               0x20000048   Data           4  flash.o(.data)
    FLASHStatus                              0x2000004c   Data           1  flash.o(.data)
    MemoryProgramStatus                      0x2000004d   Data           1  flash.o(.data)
    LED                                      0x20000050   Data           4  led.o(.data)
    pPidObject                               0x200000a4   Data          24  control.o(.data)
    low_thr_cnt_quiet                        0x200000bc   Data           2  control.o(.data)
    low_thr_cnt                              0x200000be   Data           2  control.o(.data)
    checkPID                                 0x200000c2   Data           2  ano_dt.o(.data)
    NumQ                                     0x200000dc   Data          16  imu.o(.data)
    StatusInfo                               0x200000f4   Data           2  usb_core.o(.data)
    Data_Mul_MaxPacketSize                   0x200000f6   Data           1  usb_core.o(.data)
    EPindex                                  0x200000f8   Data           1  usb_init.o(.data)
    pInformation                             0x200000fc   Data           4  usb_init.o(.data)
    pProperty                                0x20000100   Data           4  usb_init.o(.data)
    SaveState                                0x20000104   Data           2  usb_init.o(.data)
    wInterrupt_Mask                          0x20000106   Data           2  usb_init.o(.data)
    pUser_Standard_Requests                  0x20000108   Data           4  usb_init.o(.data)
    SaveRState                               0x2000010c   Data           2  usb_int.o(.data)
    SaveTState                               0x2000010e   Data           2  usb_int.o(.data)
    CustomHID_StringSerial                   0x20000110   Data          26  usb_desc.o(.data)
    wIstr                                    0x2000012c   Data           2  usb_istr.o(.data)
    bIntPackSOF                              0x2000012e   Data           1  usb_istr.o(.data)
    pEpInt_IN                                0x20000130   Data          28  usb_istr.o(.data)
    pEpInt_OUT                               0x2000014c   Data          28  usb_istr.o(.data)
    ProtocolValue                            0x20000168   Data           4  usb_prop.o(.data)
    Device_Table                             0x2000016c   Data           2  usb_prop.o(.data)
    Device_Property                          0x20000170   Data          48  usb_prop.o(.data)
    User_Standard_Requests                   0x200001a0   Data          36  usb_prop.o(.data)
    Device_Descriptor                        0x200001c4   Data           8  usb_prop.o(.data)
    Config_Descriptor                        0x200001cc   Data           8  usb_prop.o(.data)
    CustomHID_Report_Descriptor              0x200001d4   Data           8  usb_prop.o(.data)
    CustomHID_Hid_Descriptor                 0x200001dc   Data           8  usb_prop.o(.data)
    String_Descriptor                        0x200001e4   Data          32  usb_prop.o(.data)
    bDeviceState                             0x20000204   Data           4  usb_pwr.o(.data)
    fSuspendEnabled                          0x20000208   Data           1  usb_pwr.o(.data)
    ResumeS                                  0x20000209   Data           2  usb_pwr.o(.data)
    MPU6050                                  0x20000210   Data          12  init.o(.bss)
    Angle                                    0x2000021c   Data          12  init.o(.bss)
    Remote                                   0x20000228   Data          16  init.o(.bss)
    pidRateX                                 0x20000238   Data          52  init.o(.bss)
    pidRateY                                 0x2000026c   Data          52  init.o(.bss)
    pidRateZ                                 0x200002a0   Data          52  init.o(.bss)
    pidPitch                                 0x200002d4   Data          52  init.o(.bss)
    pidRoll                                  0x20000308   Data          52  init.o(.bss)
    pidYaw                                   0x2000033c   Data          52  init.o(.bss)
    Hid_RxData                               0x20000370   Data          64  usb_hid.o(.bss)
    hid_datatemp                             0x200003b0   Data         256  usb_hid.o(.bss)
    MpuOffset                                0x200004b0   Data          12  mpu6050.o(.bss)
    Anto                                     0x200004fe   Data          30  ano_dt.o(.bss)
    RC_rxData                                0x20000535   Data          32  remote.o(.bss)
    GyroIntegError                           0x20000558   Data          12  imu.o(.bss)
    Device_Info                              0x20000564   Data          28  usb_init.o(.bss)
    Transi_Buffer                            0x20000580   Data          64  usb_endp.o(.bss)
    __initial_sp                             0x200009c0   Data           0  startup_stm32f10x_md.o(STACK)



==============================================================================

Memory Map of the image

  Image Entry point : 0x080000ed

  Load Region LR_IROM1 (Base: 0x08000000, Size: 0x00005de8, Max: 0x00010000, ABSOLUTE, COMPRESSED[0x00005cb4])

    Execution Region ER_IROM1 (Base: 0x08000000, Size: 0x00005bd8, Max: 0x00010000, ABSOLUTE)

    Base Addr    Size         Type   Attr      Idx    E Section Name        Object

    0x08000000   0x000000ec   Data   RO          105    RESET               startup_stm32f10x_md.o
    0x080000ec   0x00000000   Code   RO         5182  * .ARM.Collect$$$$00000000  mc_w.l(entry.o)
    0x080000ec   0x00000004   Code   RO         5282    .ARM.Collect$$$$00000001  mc_w.l(entry2.o)
    0x080000f0   0x00000004   Code   RO         5285    .ARM.Collect$$$$00000004  mc_w.l(entry5.o)
    0x080000f4   0x00000000   Code   RO         5287    .ARM.Collect$$$$00000008  mc_w.l(entry7b.o)
    0x080000f4   0x00000000   Code   RO         5289    .ARM.Collect$$$$0000000A  mc_w.l(entry8b.o)
    0x080000f4   0x00000008   Code   RO         5290    .ARM.Collect$$$$0000000B  mc_w.l(entry9a.o)
    0x080000fc   0x00000000   Code   RO         5292    .ARM.Collect$$$$0000000D  mc_w.l(entry10a.o)
    0x080000fc   0x00000000   Code   RO         5294    .ARM.Collect$$$$0000000F  mc_w.l(entry11a.o)
    0x080000fc   0x00000004   Code   RO         5283    .ARM.Collect$$$$00002712  mc_w.l(entry2.o)
    0x08000100   0x00000024   Code   RO          106    .text               startup_stm32f10x_md.o
    0x08000124   0x00000024   Code   RO         5185    .text               mc_w.l(memcpya.o)
    0x08000148   0x000000b0   Code   RO         5191    .text               mf_w.l(fadd.o)
    0x080001f8   0x00000064   Code   RO         5193    .text               mf_w.l(fmul.o)
    0x0800025c   0x0000007c   Code   RO         5195    .text               mf_w.l(fdiv.o)
    0x080002d8   0x0000014e   Code   RO         5197    .text               mf_w.l(dadd.o)
    0x08000426   0x000000e4   Code   RO         5199    .text               mf_w.l(dmul.o)
    0x0800050a   0x00000012   Code   RO         5201    .text               mf_w.l(fflti.o)
    0x0800051c   0x0000000a   Code   RO         5203    .text               mf_w.l(ffltui.o)
    0x08000526   0x00000022   Code   RO         5205    .text               mf_w.l(dflti.o)
    0x08000548   0x0000001a   Code   RO         5207    .text               mf_w.l(dfltui.o)
    0x08000562   0x00000032   Code   RO         5209    .text               mf_w.l(ffixi.o)
    0x08000594   0x0000003e   Code   RO         5211    .text               mf_w.l(dfixi.o)
    0x080005d2   0x00000026   Code   RO         5213    .text               mf_w.l(f2d.o)
    0x080005f8   0x00000038   Code   RO         5215    .text               mf_w.l(d2f.o)
    0x08000630   0x00000014   Code   RO         5217    .text               mf_w.l(cfcmple.o)
    0x08000644   0x00000014   Code   RO         5219    .text               mf_w.l(cfrcmple.o)
    0x08000658   0x0000001e   Code   RO         5296    .text               mc_w.l(llshl.o)
    0x08000676   0x00000020   Code   RO         5298    .text               mc_w.l(llushr.o)
    0x08000696   0x00000024   Code   RO         5300    .text               mc_w.l(llsshr.o)
    0x080006ba   0x00000000   Code   RO         5309    .text               mc_w.l(iusefp.o)
    0x080006ba   0x0000006e   Code   RO         5310    .text               mf_w.l(fepilogue.o)
    0x08000728   0x000000ba   Code   RO         5314    .text               mf_w.l(depilogue.o)
    0x080007e2   0x000000de   Code   RO         5316    .text               mf_w.l(ddiv.o)
    0x080008c0   0x0000002e   Code   RO         5318    .text               mf_w.l(dscalb.o)
    0x080008ee   0x00000002   PAD
    0x080008f0   0x00000024   Code   RO         5320    .text               mc_w.l(init.o)
    0x08000914   0x000000a2   Code   RO         5324    .text               mf_w.l(dsqrt.o)
    0x080009b6   0x00000056   Code   RO         5336    .text               mc_w.l(__dczerorl2.o)
    0x08000a0c   0x0000002a   Code   RO          356    i.ALL_Init          init.o
    0x08000a36   0x00000002   PAD
    0x08000a38   0x000000dc   Code   RO         3929    i.ANO_Recive        ano_dt.o
    0x08000b14   0x00000300   Code   RO         3930    i.ANTO_Send         ano_dt.o
    0x08000e14   0x0000023c   Code   RO         3931    i.ANTO_polling      ano_dt.o
    0x08001050   0x00000004   Code   RO          110    i.BusFault_Handler  stm32f10x_it.o
    0x08001054   0x0000000c   Code   RO         4514    i.ByteSwap          usb_regs.o
    0x08001060   0x00000328   Code   RO         4467    i.CTR_LP            usb_int.o
    0x08001388   0x0000001e   Code   RO         4270    i.CascadePID        pid.o
    0x080013a6   0x00000002   PAD
    0x080013a8   0x00000034   Code   RO         4515    i.ClearDTOG_RX      usb_regs.o
    0x080013dc   0x00000034   Code   RO         4516    i.ClearDTOG_TX      usb_regs.o
    0x08001410   0x00000020   Code   RO         4521    i.Clear_Status_Out  usb_regs.o
    0x08001430   0x0000007c   Code   RO         5001    i.CustomHID_Data_Setup  usb_prop.o
    0x080014ac   0x00000014   Code   RO         5002    i.CustomHID_GetConfigDescriptor  usb_prop.o
    0x080014c0   0x00000014   Code   RO         5003    i.CustomHID_GetDeviceDescriptor  usb_prop.o
    0x080014d4   0x00000014   Code   RO         5004    i.CustomHID_GetHIDDescriptor  usb_prop.o
    0x080014e8   0x0000001c   Code   RO         5005    i.CustomHID_GetProtocolValue  usb_prop.o
    0x08001504   0x00000014   Code   RO         5006    i.CustomHID_GetReportDescriptor  usb_prop.o
    0x08001518   0x00000028   Code   RO         5007    i.CustomHID_GetStringDescriptor  usb_prop.o
    0x08001540   0x00000016   Code   RO         5008    i.CustomHID_Get_Interface_Setting  usb_prop.o
    0x08001556   0x00000002   PAD
    0x08001558   0x00000024   Code   RO         5009    i.CustomHID_NoData_Setup  usb_prop.o
    0x0800157c   0x000000c0   Code   RO         5010    i.CustomHID_Reset   usb_prop.o
    0x0800163c   0x00000018   Code   RO         5011    i.CustomHID_SetConfiguration  usb_prop.o
    0x08001654   0x0000000c   Code   RO         5012    i.CustomHID_SetDeviceAddress  usb_prop.o
    0x08001660   0x00000018   Code   RO         5013    i.CustomHID_SetProtocol  usb_prop.o
    0x08001678   0x00000002   Code   RO         5014    i.CustomHID_Status_In  usb_prop.o
    0x0800167a   0x00000002   Code   RO         5015    i.CustomHID_Status_Out  usb_prop.o
    0x0800167c   0x00000044   Code   RO         5016    i.CustomHID_init    usb_prop.o
    0x080016c0   0x00000024   Code   RO         3455    i.DMA1_Channel4_IRQHandler  usart.o
    0x080016e4   0x0000001c   Code   RO         1121    i.DMA_ClearFlag     stm32f10x_dma.o
    0x08001700   0x00000018   Code   RO         1123    i.DMA_Cmd           stm32f10x_dma.o
    0x08001718   0x0000002c   Code   RO         1127    i.DMA_GetITStatus   stm32f10x_dma.o
    0x08001744   0x000000c0   Code   RO         4297    i.DataStageIn       usb_core.o
    0x08001804   0x000000bc   Code   RO         4298    i.DataStageOut      usb_core.o
    0x080018c0   0x00000298   Code   RO         4299    i.Data_Setup0       usb_core.o
    0x08001b58   0x00000002   Code   RO          111    i.DebugMon_Handler  stm32f10x_it.o
    0x08001b5a   0x00000002   PAD
    0x08001b5c   0x00000024   Code   RO         4956    i.EP1_OUT_Callback  usb_endp.o
    0x08001b80   0x00000018   Code   RO         4957    i.EP2_IN_Callback   usb_endp.o
    0x08001b98   0x0000000c   Code   RO         4874    i.Enter_LowPowerMode  usb_config.o
    0x08001ba4   0x00000030   Code   RO         3671    i.FLASH_read        flash.o
    0x08001bd4   0x00000190   Code   RO         3904    i.FlightPidControl  control.o
    0x08001d64   0x00000116   Code   RO         1550    i.GPIO_Init         stm32f10x_gpio.o
    0x08001e7a   0x00000004   Code   RO         1557    i.GPIO_ResetBits    stm32f10x_gpio.o
    0x08001e7e   0x00000004   Code   RO         1558    i.GPIO_SetBits      stm32f10x_gpio.o
    0x08001e82   0x00000002   PAD
    0x08001e84   0x00000748   Code   RO         4241    i.GetAngle          imu.o
    0x080025cc   0x00000020   Code   RO         4533    i.GetEPRxAddr       usb_regs.o
    0x080025ec   0x00000020   Code   RO         4536    i.GetEPTxAddr       usb_regs.o
    0x0800260c   0x00000044   Code   RO          302    i.GetSysTime_us     delay.o
    0x08002650   0x00000048   Code   RO         4875    i.Get_SerialNum     usb_config.o
    0x08002698   0x00000004   Code   RO          112    i.HardFault_Handler  stm32f10x_it.o
    0x0800269c   0x00000040   Code   RO         3375    i.I2c_Ack           iic_software.o
    0x080026dc   0x00000040   Code   RO         3376    i.I2c_NoAck         iic_software.o
    0x0800271c   0x00000060   Code   RO         3377    i.I2c_ReadByte      iic_software.o
    0x0800277c   0x0000005c   Code   RO         3378    i.I2c_SendByte      iic_software.o
    0x080027d8   0x00000058   Code   RO         3379    i.I2c_Start         iic_software.o
    0x08002830   0x00000038   Code   RO         3380    i.I2c_Stop          iic_software.o
    0x08002868   0x00000050   Code   RO         3381    i.I2c_WaitAck       iic_software.o
    0x080028b8   0x0000001c   Code   RO         3382    i.I2c_delay         iic_software.o
    0x080028d4   0x0000002c   Code   RO         3383    i.IIC_Init          iic_software.o
    0x08002900   0x00000064   Code   RO         3384    i.IIC_Read_One_Byte  iic_software.o
    0x08002964   0x00000044   Code   RO         3386    i.IIC_Write_One_Byte  iic_software.o
    0x080029a8   0x00000080   Code   RO         3387    i.IIC_read_Bytes    iic_software.o
    0x08002a28   0x00000070   Code   RO         4300    i.In0_Process       usb_core.o
    0x08002a98   0x00000020   Code   RO         4876    i.Leave_LowPowerMode  usb_config.o
    0x08002ab8   0x00000004   Code   RO          113    i.MemManage_Handler  stm32f10x_it.o
    0x08002abc   0x00000354   Code   RO         3905    i.MotorControl      control.o
    0x08002e10   0x000000f4   Code   RO         3788    i.MpuGetData        mpu6050.o
    0x08002f04   0x00000084   Code   RO         3790    i.MpuInit           mpu6050.o
    0x08002f88   0x00000002   Code   RO          114    i.NMI_Handler       stm32f10x_it.o
    0x08002f8a   0x00000002   Code   RO         4301    i.NOP_Process       usb_core.o
    0x08002f8c   0x0000004c   Code   RO         3713    i.NRF24L01_Check    nrf24l01.o
    0x08002fd8   0x0000006c   Code   RO         3714    i.NRF24L01_Configuration  nrf24l01.o
    0x08003044   0x00000044   Code   RO         3715    i.NRF24L01_Read_Buf  nrf24l01.o
    0x08003088   0x0000002c   Code   RO         3716    i.NRF24L01_Read_Reg  nrf24l01.o
    0x080030b4   0x00000034   Code   RO         3717    i.NRF24L01_RxPacket  nrf24l01.o
    0x080030e8   0x00000044   Code   RO         3719    i.NRF24L01_Write_Buf  nrf24l01.o
    0x0800312c   0x00000030   Code   RO         3720    i.NRF24L01_Write_Reg  nrf24l01.o
    0x0800315c   0x00000016   Code   RO         3721    i.NRF24L01_init     nrf24l01.o
    0x08003172   0x00000002   PAD
    0x08003174   0x00000070   Code   RO          381    i.NVIC_Init         misc.o
    0x080031e4   0x00000014   Code   RO          382    i.NVIC_PriorityGroupConfig  misc.o
    0x080031f8   0x00000144   Code   RO         4302    i.NoData_Setup0     usb_core.o
    0x0800333c   0x00000050   Code   RO         4303    i.Out0_Process      usb_core.o
    0x0800338c   0x00000028   Code   RO         4496    i.PMAToUserBufferCopy  usb_mem.o
    0x080033b4   0x00000002   Code   RO          115    i.PendSV_Handler    stm32f10x_it.o
    0x080033b6   0x00000002   PAD
    0x080033b8   0x000000b8   Code   RO         3695    i.PilotLED          led.o
    0x08003470   0x00000048   Code   RO         4304    i.Post0_Process     usb_core.o
    0x080034b8   0x00000040   Code   RO         5115    i.PowerOn           usb_pwr.o
    0x080034f8   0x00000050   Code   RO         4144    i.Q_rsqrt           mymath.o
    0x08003548   0x00000020   Code   RO         1972    i.RCC_APB1PeriphClockCmd  stm32f10x_rcc.o
    0x08003568   0x00000020   Code   RO         1974    i.RCC_APB2PeriphClockCmd  stm32f10x_rcc.o
    0x08003588   0x000000d4   Code   RO         1982    i.RCC_GetClocksFreq  stm32f10x_rcc.o
    0x0800365c   0x0000000c   Code   RO         2000    i.RCC_USBCLKConfig  stm32f10x_rcc.o
    0x08003668   0x000002c0   Code   RO         3980    i.RC_Analy          remote.o
    0x08003928   0x00000058   Code   RO         3722    i.RX_Mode           nrf24l01.o
    0x08003980   0x000000b0   Code   RO         5116    i.Resume            usb_pwr.o
    0x08003a30   0x00000024   Code   RO         5117    i.Resume_Init       usb_pwr.o
    0x08003a54   0x0000006c   Code   RO         3576    i.SPI_Config        spi.o
    0x08003ac0   0x00000064   Code   RO         3577    i.SPI_RW            spi.o
    0x08003b24   0x00000002   Code   RO          116    i.SVC_Handler       stm32f10x_it.o
    0x08003b26   0x00000002   PAD
    0x08003b28   0x00000010   Code   RO         4544    i.SetBTABLE         usb_regs.o
    0x08003b38   0x0000004c   Code   RO         4305    i.SetDeviceAddress  usb_core.o
    0x08003b84   0x00000024   Code   RO         4558    i.SetEPRxAddr       usb_regs.o
    0x08003ba8   0x0000004c   Code   RO         4559    i.SetEPRxCount      usb_regs.o
    0x08003bf4   0x00000038   Code   RO         4560    i.SetEPRxStatus     usb_regs.o
    0x08003c2c   0x0000002c   Code   RO         4561    i.SetEPRxValid      usb_regs.o
    0x08003c58   0x00000020   Code   RO         4562    i.SetEPTxAddr       usb_regs.o
    0x08003c78   0x0000001c   Code   RO         4563    i.SetEPTxCount      usb_regs.o
    0x08003c94   0x00000038   Code   RO         4564    i.SetEPTxStatus     usb_regs.o
    0x08003ccc   0x0000002c   Code   RO         4565    i.SetEPTxValid      usb_regs.o
    0x08003cf8   0x00000024   Code   RO         4566    i.SetEPType         usb_regs.o
    0x08003d1c   0x00000008   Code   RO           17    i.SetSysClock       system_stm32f10x.o
    0x08003d24   0x000000e0   Code   RO           18    i.SetSysClockTo72   system_stm32f10x.o
    0x08003e04   0x00000012   Code   RO         4877    i.Set_USBClock      usb_config.o
    0x08003e16   0x00000002   PAD
    0x08003e18   0x000000b0   Code   RO         4306    i.Setup0_Process    usb_core.o
    0x08003ec8   0x0000015c   Code   RO         4307    i.Standard_ClearFeature  usb_core.o
    0x08004024   0x0000002c   Code   RO         4308    i.Standard_GetConfiguration  usb_core.o
    0x08004050   0x00000024   Code   RO         4309    i.Standard_GetDescriptorData  usb_core.o
    0x08004074   0x0000002c   Code   RO         4310    i.Standard_GetInterface  usb_core.o
    0x080040a0   0x000000f0   Code   RO         4311    i.Standard_GetStatus  usb_core.o
    0x08004190   0x00000048   Code   RO         4312    i.Standard_SetConfiguration  usb_core.o
    0x080041d8   0x00000028   Code   RO         4313    i.Standard_SetDeviceFeature  usb_core.o
    0x08004200   0x000000c0   Code   RO         4314    i.Standard_SetEndPointFeature  usb_core.o
    0x080042c0   0x0000006c   Code   RO         4315    i.Standard_SetInterface  usb_core.o
    0x0800432c   0x00000028   Code   RO         5118    i.Suspend           usb_pwr.o
    0x08004354   0x00000010   Code   RO          117    i.SysTick_Handler   stm32f10x_it.o
    0x08004364   0x00000060   Code   RO           20    i.SystemInit        system_stm32f10x.o
    0x080043c4   0x00000064   Code   RO         3525    i.TIM1_Config       tim.o
    0x08004428   0x00000044   Code   RO          344    i.TIM1_UP_IRQHandler  scheduler.o
    0x0800446c   0x000000c8   Code   RO         3526    i.TIM2_PWM_Config   tim.o
    0x08004534   0x000000e0   Code   RO         3527    i.TIM3_PWM_Config   tim.o
    0x08004614   0x00000018   Code   RO         2597    i.TIM_ARRPreloadConfig  stm32f10x_tim.o
    0x0800462c   0x00000006   Code   RO         2604    i.TIM_ClearITPendingBit  stm32f10x_tim.o
    0x08004632   0x00000018   Code   RO         2609    i.TIM_Cmd           stm32f10x_tim.o
    0x0800464a   0x00000022   Code   RO         2630    i.TIM_GetITStatus   stm32f10x_tim.o
    0x0800466c   0x00000012   Code   RO         2634    i.TIM_ITConfig      stm32f10x_tim.o
    0x0800467e   0x00000002   PAD
    0x08004680   0x00000098   Code   RO         2638    i.TIM_OC1Init       stm32f10x_tim.o
    0x08004718   0x00000012   Code   RO         2641    i.TIM_OC1PreloadConfig  stm32f10x_tim.o
    0x0800472a   0x00000002   PAD
    0x0800472c   0x000000a4   Code   RO         2643    i.TIM_OC2Init       stm32f10x_tim.o
    0x080047d0   0x0000001a   Code   RO         2646    i.TIM_OC2PreloadConfig  stm32f10x_tim.o
    0x080047ea   0x00000002   PAD
    0x080047ec   0x000000a0   Code   RO         2648    i.TIM_OC3Init       stm32f10x_tim.o
    0x0800488c   0x00000012   Code   RO         2651    i.TIM_OC3PreloadConfig  stm32f10x_tim.o
    0x0800489e   0x00000002   PAD
    0x080048a0   0x0000007c   Code   RO         2653    i.TIM_OC4Init       stm32f10x_tim.o
    0x0800491c   0x0000001a   Code   RO         2655    i.TIM_OC4PreloadConfig  stm32f10x_tim.o
    0x08004936   0x00000002   PAD
    0x08004938   0x000000a4   Code   RO         2680    i.TIM_TimeBaseInit  stm32f10x_tim.o
    0x080049dc   0x00000104   Code   RO         3932    i.USART1_IRQHandler  ano_dt.o
    0x08004ae0   0x00000030   Code   RO         3458    i.USART1_SendByte   usart.o
    0x08004b10   0x00000008   Code   RO         3162    i.USART_SendData    stm32f10x_usart.o
    0x08004b18   0x00000002   Code   RO         4878    i.USB_Cable_Config  usb_config.o
    0x08004b1a   0x00000002   PAD
    0x08004b1c   0x00000058   Code   RO         4879    i.USB_Connect       usb_config.o
    0x08004b74   0x0000002c   Code   RO         3597    i.USB_HID_Init      usb_hid.o
    0x08004ba0   0x0000003c   Code   RO         4443    i.USB_Init          usb_init.o
    0x08004bdc   0x00000022   Code   RO         4881    i.USB_Interrupts_Config  usb_config.o
    0x08004bfe   0x00000002   PAD
    0x08004c00   0x000000f8   Code   RO         4980    i.USB_Istr          usb_istr.o
    0x08004cf8   0x00000008   Code   RO          118    i.USB_LP_CAN1_RX0_IRQHandler  stm32f10x_it.o
    0x08004d00   0x00000004   Code   RO          119    i.UsageFault_Handler  stm32f10x_it.o
    0x08004d04   0x0000002c   Code   RO         3598    i.Usb_Hid_Adddata   usb_hid.o
    0x08004d30   0x000001d0   Code   RO         3600    i.Usb_Hid_Send      usb_hid.o
    0x08004f00   0x00000038   Code   RO         4497    i.UserToPMABufferCopy  usb_mem.o
    0x08004f38   0x00000028   Code   RO         5245    i.__ARM_fpclassify  m_ws.l(fpclassify.o)
    0x08004f60   0x000000aa   Code   RO         5263    i.__kernel_poly     m_ws.l(poly.o)
    0x0800500a   0x00000006   Code   RO         5232    i.__mathlib_dbl_infnan  m_ws.l(dunder.o)
    0x08005010   0x00000004   Code   RO         5233    i.__mathlib_dbl_infnan2  m_ws.l(dunder.o)
    0x08005014   0x0000000c   Code   RO         5234    i.__mathlib_dbl_invalid  m_ws.l(dunder.o)
    0x08005020   0x00000010   Code   RO         5237    i.__mathlib_dbl_underflow  m_ws.l(dunder.o)
    0x08005030   0x0000000e   Code   RO         5330    i.__scatterload_copy  mc_w.l(handlers.o)
    0x0800503e   0x00000002   Code   RO         5331    i.__scatterload_null  mc_w.l(handlers.o)
    0x08005040   0x0000000e   Code   RO         5332    i.__scatterload_zeroinit  mc_w.l(handlers.o)
    0x0800504e   0x00000002   PAD
    0x08005050   0x0000000c   Code   RO         5304    i.__set_errno       mc_w.l(errno.o)
    0x0800505c   0x00000270   Code   RO         5157    i.asin              m_ws.l(asin.o)
    0x080052cc   0x00000220   Code   RO         5222    i.atan              m_ws.l(atan.o)
    0x080054ec   0x00000180   Code   RO         5175    i.atan2             m_ws.l(atan2.o)
    0x0800566c   0x00000024   Code   RO          303    i.cycleCounterInit  delay.o
    0x08005690   0x00000022   Code   RO          304    i.delay_ms          delay.o
    0x080056b2   0x00000002   PAD
    0x080056b4   0x0000002c   Code   RO         4242    i.imu_rest          imu.o
    0x080056e0   0x00000058   Code   RO         4076    i.kalman_1          kalman.o
    0x08005738   0x00000078   Code   RO          193    i.main              main.o
    0x080057b0   0x0000002c   Code   RO         4271    i.pidRest           pid.o
    0x080057dc   0x0000006a   Code   RO         4272    i.pidUpdate         pid.o
    0x08005846   0x00000002   PAD
    0x08005848   0x00000060   Code   RO          357    i.pid_param_Init    init.o
    0x080058a8   0x00000128   Code   RO         3981    i.remote_unlock     remote.o
    0x080059d0   0x0000004c   Code   RO         5267    i.sqrt              m_ws.l(sqrt.o)
    0x08005a1c   0x0000000a   Data   RO         3723    .constdata          nrf24l01.o
    0x08005a26   0x00000002   PAD
    0x08005a28   0x00000018   Data   RO         4157    .constdata          mymath.o
    0x08005a40   0x00000086   Data   RO         4943    .constdata          usb_desc.o
    0x08005ac6   0x00000002   PAD
    0x08005ac8   0x00000050   Data   RO         5158    .constdata          m_ws.l(asin.o)
    0x08005b18   0x00000098   Data   RO         5223    .constdata          m_ws.l(atan.o)
    0x08005bb0   0x00000008   Data   RO         5265    .constdata          m_ws.l(qnan.o)
    0x08005bb8   0x00000020   Data   RO         5328    Region$$Table       anon$$obj.o


    Execution Region RW_IRAM1 (Base: 0x20000000, Size: 0x000009c0, Max: 0x00005000, ABSOLUTE, COMPRESSED[0x000000dc])

    Base Addr    Size         Type   Attr      Idx    E Section Name        Object

    0x20000000   0x00000014   Data   RW           21    .data               system_stm32f10x.o
    0x20000014   0x00000004   Data   RW          306    .data               delay.o
    0x20000018   0x0000000e   Data   RW          359    .data               init.o
    0x20000026   0x00000014   Data   RW         2002    .data               stm32f10x_rcc.o
    0x2000003a   0x00000005   Data   RW         3602    .data               usb_hid.o
    0x2000003f   0x00000001   PAD
    0x20000040   0x0000000e   Data   RW         3673    .data               flash.o
    0x2000004e   0x00000002   PAD
    0x20000050   0x00000008   Data   RW         3696    .data               led.o
    0x20000058   0x0000004c   Data   RW         3793    .data               mpu6050.o
    0x200000a4   0x0000001e   Data   RW         3906    .data               control.o
    0x200000c2   0x0000000c   Data   RW         3934    .data               ano_dt.o
    0x200000ce   0x00000007   Data   RW         3983    .data               remote.o
    0x200000d5   0x00000003   PAD
    0x200000d8   0x0000001c   Data   RW         4244    .data               imu.o
    0x200000f4   0x00000003   Data   RW         4316    .data               usb_core.o
    0x200000f7   0x00000001   PAD
    0x200000f8   0x00000014   Data   RW         4445    .data               usb_init.o
    0x2000010c   0x00000004   Data   RW         4468    .data               usb_int.o
    0x20000110   0x0000001a   Data   RW         4944    .data               usb_desc.o
    0x2000012a   0x00000002   PAD
    0x2000012c   0x0000003c   Data   RW         4981    .data               usb_istr.o
    0x20000168   0x0000009c   Data   RW         5017    .data               usb_prop.o
    0x20000204   0x00000007   Data   RW         5119    .data               usb_pwr.o
    0x2000020b   0x00000001   PAD
    0x2000020c   0x00000004   Data   RW         5305    .data               mc_w.l(errno.o)
    0x20000210   0x00000160   Zero   RW          358    .bss                init.o
    0x20000370   0x00000140   Zero   RW         3601    .bss                usb_hid.o
    0x200004b0   0x00000018   Zero   RW         3792    .bss                mpu6050.o
    0x200004c8   0x0000006d   Zero   RW         3933    .bss                ano_dt.o
    0x20000535   0x00000020   Zero   RW         3982    .bss                remote.o
    0x20000555   0x00000003   PAD
    0x20000558   0x0000000c   Zero   RW         4243    .bss                imu.o
    0x20000564   0x0000001c   Zero   RW         4444    .bss                usb_init.o
    0x20000580   0x00000040   Zero   RW         4958    .bss                usb_endp.o
    0x200005c0   0x00000400   Zero   RW          103    STACK               startup_stm32f10x_md.o


==============================================================================

Image component sizes


      Code (inc. data)   RO Data    RW Data    ZI Data      Debug   Object Name

      1820        146          0         12        109       4736   ano_dt.o
      1252        124          0         30          0       2397   control.o
         0          0          0          0          0       4528   core_cm3.o
       138         20          0          4          0       1982   delay.o
        48          8          0         14          0       1251   flash.o
       908         40          0          0          0       6861   iic_software.o
      1908         56          0         28         12       2132   imu.o
       138         44          0         14        352       2853   init.o
        88          0          0          0          0       1531   kalman.o
       184         16          0          8          0       2305   led.o
       120         12          0          0          0     219102   main.o
       132         22          0          0          0       1415   misc.o
       376         28          0         76         24       4392   mpu6050.o
        80          6         24          0          0        929   mymath.o
       574         46         10          0          0       6154   nrf24l01.o
       180          0          0          0          0       1927   pid.o
      1000         62          0          7         32       2363   remote.o
        68         18          0          0          0        473   scheduler.o
       208         10          0          0          0       1074   spi.o
        36          8        236          0       1024        780   startup_stm32f10x_md.o
        96         18          0          0          0       3124   stm32f10x_dma.o
       286          0          0          0          0       2872   stm32f10x_gpio.o
        48          4          0          0          0       4311   stm32f10x_it.o
       288         38          0         20          0       4753   stm32f10x_rcc.o
       958         92          0          0          0       8737   stm32f10x_tim.o
         8          0          0          0          0       1881   stm32f10x_usart.o
       328         28          0         20          0      61681   system_stm32f10x.o
       524         26          0          0          0       1842   tim.o
        84         10          0          0          0       1409   usart.o
       258         34          0          0          0       3926   usb_config.o
      3010        288          0          3          0      16399   usb_core.o
         0          0        134         26          0       1028   usb_desc.o
        60         12          0          0         64       1505   usb_endp.o
       552         40          0          5        320       5390   usb_hid.o
        60         24          0         20         28       3946   usb_init.o
       808         34          0          4          0       1617   usb_int.o
       248         26          0         60          0       1280   usb_istr.o
        96         10          0          0          0       1640   usb_mem.o
       654        116          0        156          0      12113   usb_prop.o
       316         38          0          7          0       3338   usb_pwr.o
       636         96          0          0          0       8564   usb_regs.o

    ----------------------------------------------------------------------
     18612       1600        440        524       1968     420541   Object Totals
         0          0         32          0          0          0   (incl. Generated)
        36          0          4         10          3          0   (incl. Padding)

    ----------------------------------------------------------------------

      Code (inc. data)   RO Data    RW Data    ZI Data      Debug   Library Member Name

       624         52         80          0          0        168   asin.o
       544         70        152          0          0        124   atan.o
       384         38          0          0          0        144   atan2.o
        38          6          0          0          0        272   dunder.o
        40          0          0          0          0         68   fpclassify.o
       170          0          0          0          0         96   poly.o
         0          0          8          0          0          0   qnan.o
        76          0          0          0          0         84   sqrt.o
        86          0          0          0          0          0   __dczerorl2.o
         0          0          0          0          0          0   entry.o
         0          0          0          0          0          0   entry10a.o
         0          0          0          0          0          0   entry11a.o
         8          4          0          0          0          0   entry2.o
         4          0          0          0          0          0   entry5.o
         0          0          0          0          0          0   entry7b.o
         0          0          0          0          0          0   entry8b.o
         8          4          0          0          0          0   entry9a.o
        12          6          0          4          0         68   errno.o
        30          0          0          0          0          0   handlers.o
        36          8          0          0          0         68   init.o
         0          0          0          0          0          0   iusefp.o
        30          0          0          0          0         68   llshl.o
        36          0          0          0          0         68   llsshr.o
        32          0          0          0          0         68   llushr.o
        36          0          0          0          0         68   memcpya.o
        20          0          0          0          0         68   cfcmple.o
        20          0          0          0          0         68   cfrcmple.o
        56          0          0          0          0         88   d2f.o
       334          0          0          0          0        148   dadd.o
       222          0          0          0          0        100   ddiv.o
       186          0          0          0          0        176   depilogue.o
        62          0          0          0          0         80   dfixi.o
        34          0          0          0          0         76   dflti.o
        26          0          0          0          0         76   dfltui.o
       228          0          0          0          0         96   dmul.o
        46          0          0          0          0         80   dscalb.o
       162          0          0          0          0        100   dsqrt.o
        38          0          0          0          0         68   f2d.o
       176          0          0          0          0        140   fadd.o
       124          0          0          0          0         88   fdiv.o
       110          0          0          0          0        168   fepilogue.o
        50          0          0          0          0         68   ffixi.o
        18          0          0          0          0         68   fflti.o
        10          0          0          0          0         68   ffltui.o
       100          0          0          0          0         76   fmul.o

    ----------------------------------------------------------------------
      4220        188        240          4          0       3264   Library Totals
         4          0          0          0          0          0   (incl. Padding)

    ----------------------------------------------------------------------

      Code (inc. data)   RO Data    RW Data    ZI Data      Debug   Library Name

      1876        166        240          0          0        956   m_ws.l
       318         22          0          4          0        408   mc_w.l
      2022          0          0          0          0       1900   mf_w.l

    ----------------------------------------------------------------------
      4220        188        240          4          0       3264   Library Totals

    ----------------------------------------------------------------------

==============================================================================


      Code (inc. data)   RO Data    RW Data    ZI Data      Debug   

     22832       1788        680        528       1968     413949   Grand Totals
     22832       1788        680        220       1968     413949   ELF Image Totals (compressed)
     22832       1788        680        220          0          0   ROM Totals

==============================================================================

    Total RO  Size (Code + RO Data)                23512 (  22.96kB)
    Total RW  Size (RW Data + ZI Data)              2496 (   2.44kB)
    Total ROM Size (Code + RO Data + RW Data)      23732 (  23.18kB)

==============================================================================

